BL51 BANKED LINKER/LOCATER V6.22.2.0                                                    03/28/2024  20:26:04  PAGE 1


BL51 BANKED LINKER/LOCATER V6.22.2.0, INVOKED BY:
D:\KEIL_V5\C51\BIN\BL51.EXE .\Objects\main.obj, .\Objects\Led.obj, .\Objects\Seg.obj, .\Objects\Key.obj, .\Objects\Init.
>> obj, .\Objects\onewire.obj TO .\Objects\zuolan PRINT (.\Listings\zuolan.m51) RAMSIZE (256)


MEMORY MODEL: SMALL WITH FLOATING POINT ARITHMETIC


INPUT MODULES INCLUDED:
  .\Objects\main.obj (MAIN)
  .\Objects\Led.obj (LED)
  .\Objects\Seg.obj (SEG)
  .\Objects\Key.obj (KEY)
  .\Objects\Init.obj (INIT)
  .\Objects\onewire.obj (ONEWIRE)
  D:\KEIL_V5\C51\LIB\C51FPS.LIB (?C?FPMUL)
  D:\KEIL_V5\C51\LIB\C51FPS.LIB (?C?FCAST)
  D:\KEIL_V5\C51\LIB\C51FPS.LIB (?C?CASTF)
  D:\KEIL_V5\C51\LIB\C51FPS.LIB (?C?FPGETOPN)
  D:\KEIL_V5\C51\LIB\C51S.LIB (?C_STARTUP)
  D:\KEIL_V5\C51\LIB\C51S.LIB (?C?UIDIV)
  D:\KEIL_V5\C51\LIB\C51S.LIB (?C?LNEG)
  D:\KEIL_V5\C51\LIB\C51S.LIB (?C?MEMSET)
  D:\KEIL_V5\C51\LIB\C51S.LIB (?C_INIT)


LINK MAP OF MODULE:  .\Objects\zuolan (MAIN)


            TYPE    BASE      LENGTH    RELOCATION   SEGMENT NAME
            -----------------------------------------------------

            * * * * * * *   D A T A   M E M O R Y   * * * * * * *
            REG     0000H     0008H     ABSOLUTE     "REG BANK 0"
            DATA    0008H     0015H     UNIT         ?DT?SEG
            DATA    001DH     0002H     UNIT         ?DT?LED
                    001FH     0001H                  *** GAP ***
            BIT     0020H.0   0000H.1   UNIT         ?BI?MAIN
            BIT     0020H.1   0000H.1   UNIT         _BIT_GROUP_
                    0020H.2   0000H.6                *** GAP ***
            DATA    0021H     002BH     UNIT         ?DT?MAIN
            IDATA   004CH     0001H     UNIT         ?STACK

            * * * * * * *   C O D E   M E M O R Y   * * * * * * *
            CODE    0000H     0003H     ABSOLUTE     
            CODE    0003H     0007H     UNIT         ?PR?DELAY4US?ONEWIRE
                    000AH     0001H                  *** GAP ***
            CODE    000BH     0003H     ABSOLUTE     
                    000EH     000DH                  *** GAP ***
            CODE    001BH     0003H     ABSOLUTE     
            CODE    001EH     0254H     UNIT         ?C?LIB_CODE
            CODE    0272H     009FH     UNIT         ?PR?TIMER0_ISR?MAIN
            CODE    0311H     008CH     UNIT         ?C_C51STARTUP
            CODE    039DH     007AH     UNIT         ?PR?KEY_READ?KEY
            CODE    0417H     0074H     UNIT         ?PR?SEG_PROC?MAIN
            CODE    048BH     005FH     UNIT         ?PR?KEY_PROC?MAIN
            CODE    04EAH     0048H     UNIT         ?C_INITSEG
            CODE    0532H     0040H     UNIT         ?PR?LED_PROC?MAIN
BL51 BANKED LINKER/LOCATER V6.22.2.0                                                  03/28/2024  20:26:04  PAGE 2


            CODE    0572H     003CH     UNIT         ?PR?TIMER1_ISR?MAIN
            CODE    05AEH     003BH     UNIT         ?PR?RD_TEMPERATURE?ONEWIRE
            CODE    05E9H     003AH     UNIT         ?PR?_LED_DISP?LED
            CODE    0623H     0036H     UNIT         ?PR?_SEG_DISP?SEG
            CODE    0659H     0027H     UNIT         ?PR?_WRITE_DS18B20?ONEWIRE
            CODE    0680H     0027H     UNIT         ?PR?INIT_DS18B20?ONEWIRE
            CODE    06A7H     0026H     UNIT         ?PR?READ_DS18B20?ONEWIRE
            CODE    06CDH     001EH     UNIT         ?PR?_DELAY_ONEWIRE?ONEWIRE
            CODE    06EBH     001DH     UNIT         ?PR?SYSTEM_INIT?INIT
            CODE    0708H     001AH     UNIT         ?PR?MAIN?MAIN
            CODE    0722H     0015H     UNIT         ?PR?TIMER0_INIT?MAIN
            CODE    0737H     0013H     UNIT         ?PR?TIMER1_INIT?MAIN
            CODE    074AH     000FH     UNIT         ?PR?DELAY750MS?MAIN



OVERLAY MAP OF MODULE:   .\Objects\zuolan (MAIN)


SEGMENT                               BIT_GROUP 
  +--> CALLED SEGMENT              START    LENGTH
--------------------------------------------------
?PR?TIMER0_ISR?MAIN                -----    -----
  +--> ?PR?_SEG_DISP?SEG
  +--> ?PR?_LED_DISP?LED

*** NEW ROOT ***************************************************

?C_C51STARTUP                      -----    -----
  +--> ?PR?MAIN?MAIN
  +--> ?C_INITSEG

?PR?MAIN?MAIN                      -----    -----
  +--> ?PR?SYSTEM_INIT?INIT
  +--> ?PR?TIMER0_INIT?MAIN
  +--> ?PR?TIMER1_INIT?MAIN
  +--> ?PR?RD_TEMPERATURE?ONEWIRE
  +--> ?PR?DELAY750MS?MAIN
  +--> ?PR?KEY_PROC?MAIN
  +--> ?PR?SEG_PROC?MAIN
  +--> ?PR?LED_PROC?MAIN

?PR?RD_TEMPERATURE?ONEWIRE         -----    -----
  +--> ?PR?INIT_DS18B20?ONEWIRE
  +--> ?PR?_WRITE_DS18B20?ONEWIRE
  +--> ?PR?_DELAY_ONEWIRE?ONEWIRE
  +--> ?PR?READ_DS18B20?ONEWIRE

?PR?INIT_DS18B20?ONEWIRE           0020H.1  0000H.1
  +--> ?PR?_DELAY_ONEWIRE?ONEWIRE

?PR?_WRITE_DS18B20?ONEWIRE         -----    -----
  +--> ?PR?_DELAY_ONEWIRE?ONEWIRE

?PR?READ_DS18B20?ONEWIRE           -----    -----
  +--> ?PR?DELAY4US?ONEWIRE
  +--> ?PR?_DELAY_ONEWIRE?ONEWIRE
BL51 BANKED LINKER/LOCATER V6.22.2.0                                                  03/28/2024  20:26:04  PAGE 3



?PR?KEY_PROC?MAIN                  -----    -----
  +--> ?PR?KEY_READ?KEY

?PR?SEG_PROC?MAIN                  -----    -----
  +--> ?PR?RD_TEMPERATURE?ONEWIRE



SYMBOL TABLE OF MODULE:  .\Objects\zuolan (MAIN)

  VALUE           TYPE          NAME
  ----------------------------------

  -------         MODULE        MAIN
  C:0000H         SYMBOL        _ICE_DUMMY_
  D:0080H         PUBLIC        P0
  D:0090H         PUBLIC        P1
  D:00A0H         PUBLIC        P2
  D:00B0H         PUBLIC        P3
  C:0272H         PUBLIC        Timer0_ISR
  D:00C0H         PUBLIC        P4
  D:00C8H         PUBLIC        P5
  B:00A8H.7       PUBLIC        EA
  D:00E8H         PUBLIC        P6
  D:00F8H         PUBLIC        P7
  C:0532H         PUBLIC        Led_Proc
  D:0025H         PUBLIC        Seg_Point
  D:00A8H         PUBLIC        IE
  C:0417H         PUBLIC        Seg_Proc
  D:00B8H         PUBLIC        IP
  D:002DH         PUBLIC        Seg_Buf
  C:048BH         PUBLIC        Key_Proc
  D:0035H         PUBLIC        Seg_Slow_Down
  D:0036H         PUBLIC        time_1ms
  D:00D8H         PUBLIC        CCON
  C:0708H         PUBLIC        main
  C:0722H         PUBLIC        Timer0_Init
  C:0737H         PUBLIC        Timer1_Init
  D:0037H         PUBLIC        Work_mode
  D:0038H         PUBLIC        Key_Slow_Down
  D:0039H         PUBLIC        Seg_Pos
  D:0098H         PUBLIC        SCON
  D:003AH         PUBLIC        time_mode_index
  D:0089H         PUBLIC        TMOD
  D:0088H         PUBLIC        TCON
  D:003BH         PUBLIC        time_1s
  D:003DH         PUBLIC        Work_time
  B:00B0H.4       PUBLIC        P34
  D:003EH         PUBLIC        time_mode
  D:008EH         PUBLIC        AUXR
  C:0572H         PUBLIC        Timer1_Isr
  D:0041H         PUBLIC        Work_mode_P34
  B:00A8H.1       PUBLIC        ET0
  B:0088H.5       PUBLIC        TF0
  B:00A8H.3       PUBLIC        ET1
  B:0088H.7       PUBLIC        TF1
BL51 BANKED LINKER/LOCATER V6.22.2.0                                                  03/28/2024  20:26:04  PAGE 4


  B:0020H.0       PUBLIC        Seg_show_mode
  D:008CH         PUBLIC        TH0
  D:008DH         PUBLIC        TH1
  D:008AH         PUBLIC        TL0
  D:008BH         PUBLIC        TL1
  B:0088H.4       PUBLIC        TR0
  B:0088H.6       PUBLIC        TR1
  D:0044H         PUBLIC        ucLed
  C:074AH         PUBLIC        Delay750ms
  D:00D0H         PUBLIC        PSW
  -------         PROC          KEY_PROC
  -------         DO            
  D:0021H         SYMBOL        Key_Val
  D:0022H         SYMBOL        Key_Down
  D:0023H         SYMBOL        Key_Up
  D:0024H         SYMBOL        Key_Old
  -------         ENDDO         
  C:048BH         LINE#         26
  C:048BH         LINE#         27
  C:048BH         LINE#         29
  C:048FH         LINE#         31
  C:0492H         LINE#         33
  C:0497H         LINE#         34
  C:04A0H         LINE#         35
  C:04A6H         LINE#         36
  C:04A9H         LINE#         38
  C:04B2H         LINE#         39
  C:04BDH         LINE#         40
  C:04C3H         LINE#         41
  C:04C3H         LINE#         42
  C:04CEH         LINE#         43
  C:04D6H         LINE#         44
  C:04D6H         LINE#         45
  C:04DCH         LINE#         46
  C:04DEH         LINE#         47
  C:04E4H         LINE#         48
  C:04E9H         LINE#         49
  -------         ENDPROC       KEY_PROC
  -------         PROC          SEG_PROC
  -------         DO            
  D:0007H         SYMBOL        T_value
  -------         ENDDO         
  C:0417H         LINE#         51
  C:0417H         LINE#         52
  C:0417H         LINE#         54
  C:041BH         LINE#         56
  C:041EH         LINE#         57
  C:0421H         LINE#         58
  C:0424H         LINE#         59
  C:0427H         LINE#         60
  C:042DH         LINE#         61
  C:0430H         LINE#         62
  C:0430H         LINE#         64
  C:0435H         LINE#         65
  C:0449H         LINE#         66
  C:0456H         LINE#         67
  C:0463H         LINE#         68
BL51 BANKED LINKER/LOCATER V6.22.2.0                                                  03/28/2024  20:26:04  PAGE 5


  C:046CH         LINE#         69
  C:046DH         LINE#         71
  C:046DH         LINE#         73
  C:0470H         LINE#         74
  C:0473H         LINE#         75
  C:047FH         LINE#         76
  C:0487H         LINE#         77
  C:048AH         LINE#         78
  C:048AH         LINE#         79
  -------         ENDPROC       SEG_PROC
  -------         PROC          LED_PROC
  C:0532H         LINE#         82
  C:0532H         LINE#         83
  C:0532H         LINE#         84
  C:0536H         LINE#         85
  C:0536H         LINE#         87
  C:0545H         LINE#         88
  C:0553H         LINE#         89
  C:0561H         LINE#         90
  C:0562H         LINE#         92
  C:0571H         LINE#         93
  -------         ENDPROC       LED_PROC
  -------         PROC          TIMER0_INIT
  C:0722H         LINE#         96
  C:0722H         LINE#         97
  C:0722H         LINE#         98
  C:0725H         LINE#         99
  C:0728H         LINE#         100
  C:072BH         LINE#         101
  C:072EH         LINE#         102
  C:0730H         LINE#         103
  C:0732H         LINE#         104
  C:0734H         LINE#         105
  C:0736H         LINE#         106
  -------         ENDPROC       TIMER0_INIT
  -------         PROC          TIMER1_INIT
  C:0737H         LINE#         108
  C:0737H         LINE#         109
  C:0737H         LINE#         110
  C:073AH         LINE#         111
  C:073DH         LINE#         112
  C:0740H         LINE#         113
  C:0743H         LINE#         114
  C:0745H         LINE#         115
  C:0747H         LINE#         116
  C:0749H         LINE#         117
  -------         ENDPROC       TIMER1_INIT
  -------         PROC          TIMER0_ISR
  C:0272H         LINE#         120
  C:028FH         LINE#         122
  C:0297H         LINE#         123
  C:0299H         LINE#         124
  C:02A5H         LINE#         125
  C:02A8H         LINE#         126
  C:02B0H         LINE#         127
  C:02B2H         LINE#         128
  C:02B6H         LINE#         129
BL51 BANKED LINKER/LOCATER V6.22.2.0                                                  03/28/2024  20:26:04  PAGE 6


  C:02B6H         LINE#         130
  C:02C7H         LINE#         131
  C:02C7H         LINE#         132
  C:02CDH         LINE#         133
  C:02CFH         LINE#         134
  C:02CFH         LINE#         135
  C:02D1H         LINE#         138
  C:02D1H         LINE#         139
  C:02D7H         LINE#         140
  C:02D7H         LINE#         141
  C:02EAH         LINE#         142
  C:02F6H         LINE#         143
  -------         ENDPROC       TIMER0_ISR
  -------         PROC          TIMER1_ISR
  C:0572H         LINE#         144
  C:057DH         LINE#         147
  C:0581H         LINE#         148
  C:0581H         LINE#         149
  C:0589H         LINE#         150
  C:058BH         LINE#         152
  C:0598H         LINE#         153
  C:059CH         LINE#         155
  C:059EH         LINE#         156
  C:05A0H         LINE#         159
  C:05A0H         LINE#         160
  C:05A3H         LINE#         161
  C:05A5H         LINE#         162
  C:05A5H         LINE#         163
  -------         ENDPROC       TIMER1_ISR
  -------         PROC          DELAY750MS
  -------         DO            
  D:0007H         SYMBOL        i
  D:0006H         SYMBOL        j
  D:0005H         SYMBOL        k
  -------         ENDDO         
  C:074AH         LINE#         165
  C:074AH         LINE#         166
  C:074AH         LINE#         169
  C:074BH         LINE#         170
  C:074CH         LINE#         171
  C:074EH         LINE#         172
  C:0750H         LINE#         173
  C:0752H         LINE#         175
  C:0752H         LINE#         177
  C:0752H         LINE#         178
  C:0754H         LINE#         180
  C:0756H         LINE#         181
  C:0758H         LINE#         182
  -------         ENDPROC       DELAY750MS
  -------         PROC          MAIN
  C:0708H         LINE#         184
  C:0708H         LINE#         185
  C:0708H         LINE#         186
  C:070BH         LINE#         187
  C:070EH         LINE#         188
  C:0711H         LINE#         189
  C:0714H         LINE#         190
BL51 BANKED LINKER/LOCATER V6.22.2.0                                                  03/28/2024  20:26:04  PAGE 7


  C:0717H         LINE#         191
  C:0717H         LINE#         192
  C:0717H         LINE#         193
  C:071AH         LINE#         194
  C:071DH         LINE#         195
  C:0720H         LINE#         196
  -------         ENDPROC       MAIN
  -------         ENDMOD        MAIN

  -------         MODULE        LED
  C:0000H         SYMBOL        _ICE_DUMMY_
  D:0080H         PUBLIC        P0
  D:0090H         PUBLIC        P1
  D:00A0H         PUBLIC        P2
  D:00B0H         PUBLIC        P3
  D:00C0H         PUBLIC        P4
  D:00C8H         PUBLIC        P5
  D:00E8H         PUBLIC        P6
  D:00F8H         PUBLIC        P7
  C:05E9H         PUBLIC        _Led_Disp
  D:00A8H         PUBLIC        IE
  D:00B8H         PUBLIC        IP
  D:00D8H         PUBLIC        CCON
  D:0098H         PUBLIC        SCON
  D:0088H         PUBLIC        TCON
  D:00D0H         PUBLIC        PSW
  -------         PROC          _LED_DISP
  D:0007H         SYMBOL        addr
  D:0005H         SYMBOL        enable
  -------         DO            
  D:001DH         SYMBOL        temp
  D:001EH         SYMBOL        temp_old
  -------         ENDDO         
  C:05E9H         LINE#         5
  C:05E9H         LINE#         6
  C:05E9H         LINE#         10
  C:05ECH         LINE#         11
  C:05FBH         LINE#         13
  C:0609H         LINE#         14
  C:060FH         LINE#         15
  C:060FH         LINE#         16
  C:0614H         LINE#         17
  C:061CH         LINE#         18
  C:061FH         LINE#         19
  C:0622H         LINE#         20
  C:0622H         LINE#         21
  -------         ENDPROC       _LED_DISP
  -------         ENDMOD        LED

  -------         MODULE        SEG
  C:0000H         SYMBOL        _ICE_DUMMY_
  D:0080H         PUBLIC        P0
  D:0090H         PUBLIC        P1
  D:00A0H         PUBLIC        P2
  D:00B0H         PUBLIC        P3
  D:00C0H         PUBLIC        P4
  D:00C8H         PUBLIC        P5
BL51 BANKED LINKER/LOCATER V6.22.2.0                                                  03/28/2024  20:26:04  PAGE 8


  D:00E8H         PUBLIC        P6
  D:00F8H         PUBLIC        P7
  D:00A8H         PUBLIC        IE
  C:0623H         PUBLIC        _Seg_Disp
  D:00B8H         PUBLIC        IP
  D:00D8H         PUBLIC        CCON
  D:0098H         PUBLIC        SCON
  D:0088H         PUBLIC        TCON
  D:0008H         PUBLIC        seg_dula
  D:0015H         PUBLIC        seg_wela
  D:00D0H         PUBLIC        PSW
  -------         PROC          _SEG_DISP
  D:0007H         SYMBOL        wela
  D:0005H         SYMBOL        dula
  D:0003H         SYMBOL        point
  C:0623H         LINE#         7
  C:0623H         LINE#         8
  C:0623H         LINE#         10
  C:0626H         LINE#         11
  C:062EH         LINE#         14
  C:0635H         LINE#         15
  C:063DH         LINE#         16
  C:0640H         LINE#         19
  C:0647H         LINE#         20
  C:064AH         LINE#         21
  C:064DH         LINE#         22
  C:0655H         LINE#         23
  C:0658H         LINE#         24
  -------         ENDPROC       _SEG_DISP
  -------         ENDMOD        SEG

  -------         MODULE        KEY
  C:0000H         SYMBOL        _ICE_DUMMY_
  D:0080H         PUBLIC        P0
  D:0090H         PUBLIC        P1
  D:00A0H         PUBLIC        P2
  D:00B0H         PUBLIC        P3
  D:00C0H         PUBLIC        P4
  D:00C8H         PUBLIC        P5
  D:00E8H         PUBLIC        P6
  D:00F8H         PUBLIC        P7
  C:039DH         PUBLIC        Key_Read
  D:00A8H         PUBLIC        IE
  D:00B8H         PUBLIC        IP
  D:00D8H         PUBLIC        CCON
  B:00B0H.0       PUBLIC        P30
  D:0098H         PUBLIC        SCON
  B:00B0H.1       PUBLIC        P31
  D:0088H         PUBLIC        TCON
  B:00B0H.2       PUBLIC        P32
  B:00C0H.2       PUBLIC        P42
  B:00B0H.3       PUBLIC        P33
  B:00B0H.4       PUBLIC        P34
  B:00C0H.4       PUBLIC        P44
  B:00B0H.5       PUBLIC        P35
  B:00A8H.1       PUBLIC        ET0
  D:00D0H         PUBLIC        PSW
BL51 BANKED LINKER/LOCATER V6.22.2.0                                                  03/28/2024  20:26:04  PAGE 9


  -------         PROC          KEY_READ
  -------         DO            
  D:0007H         SYMBOL        temp
  -------         ENDDO         
  C:039DH         LINE#         2
  C:039DH         LINE#         3
  C:039DH         LINE#         4
  C:039FH         LINE#         5
  C:03A1H         LINE#         6
  C:03A3H         LINE#         7
  C:03A5H         LINE#         8
  C:03A7H         LINE#         9
  C:03A9H         LINE#         10
  C:03ACH         LINE#         11
  C:03AEH         LINE#         12
  C:03B1H         LINE#         13
  C:03B3H         LINE#         14
  C:03B6H         LINE#         15
  C:03B8H         LINE#         16
  C:03BBH         LINE#         17
  C:03BDH         LINE#         18
  C:03BFH         LINE#         19
  C:03C1H         LINE#         20
  C:03C3H         LINE#         21
  C:03C5H         LINE#         22
  C:03C8H         LINE#         23
  C:03CAH         LINE#         24
  C:03CDH         LINE#         25
  C:03CFH         LINE#         26
  C:03D2H         LINE#         27
  C:03D4H         LINE#         28
  C:03D7H         LINE#         29
  C:03D9H         LINE#         30
  C:03DBH         LINE#         31
  C:03DDH         LINE#         32
  C:03DFH         LINE#         33
  C:03E1H         LINE#         34
  C:03E4H         LINE#         35
  C:03E6H         LINE#         36
  C:03E9H         LINE#         37
  C:03EBH         LINE#         38
  C:03EEH         LINE#         39
  C:03F0H         LINE#         40
  C:03F3H         LINE#         41
  C:03F5H         LINE#         42
  C:03F7H         LINE#         43
  C:03F9H         LINE#         44
  C:03FBH         LINE#         45
  C:03FDH         LINE#         46
  C:0400H         LINE#         47
  C:0402H         LINE#         48
  C:0405H         LINE#         49
  C:0407H         LINE#         50
  C:040AH         LINE#         51
  C:040CH         LINE#         52
  C:040FH         LINE#         53
  C:0411H         LINE#         54
BL51 BANKED LINKER/LOCATER V6.22.2.0                                                  03/28/2024  20:26:04  PAGE 10


  C:0413H         LINE#         55
  C:0416H         LINE#         56
  C:0416H         LINE#         57
  -------         ENDPROC       KEY_READ
  -------         ENDMOD        KEY

  -------         MODULE        INIT
  C:0000H         SYMBOL        _ICE_DUMMY_
  C:06EBH         PUBLIC        System_Init
  D:0080H         PUBLIC        P0
  D:0090H         PUBLIC        P1
  D:00A0H         PUBLIC        P2
  D:00B0H         PUBLIC        P3
  D:00C0H         PUBLIC        P4
  D:00C8H         PUBLIC        P5
  D:00E8H         PUBLIC        P6
  D:00F8H         PUBLIC        P7
  D:00A8H         PUBLIC        IE
  D:00B8H         PUBLIC        IP
  D:00D8H         PUBLIC        CCON
  D:0098H         PUBLIC        SCON
  D:0088H         PUBLIC        TCON
  D:00D0H         PUBLIC        PSW
  -------         PROC          SYSTEM_INIT
  C:06EBH         LINE#         3
  C:06EBH         LINE#         4
  C:06EBH         LINE#         5
  C:06EEH         LINE#         6
  C:06F6H         LINE#         7
  C:06F9H         LINE#         9
  C:06FCH         LINE#         10
  C:0704H         LINE#         11
  C:0707H         LINE#         12
  -------         ENDPROC       SYSTEM_INIT
  -------         ENDMOD        INIT

  -------         MODULE        ONEWIRE
  C:0000H         SYMBOL        _ICE_DUMMY_
  D:0090H         PUBLIC        P1
  D:00B0H         PUBLIC        P3
  C:06A7H         PUBLIC        Read_DS18B20
  D:00A8H         PUBLIC        IE
  C:06D1H         PUBLIC        _Delay_OneWire
  C:0003H         PUBLIC        Delay4us
  C:0659H         PUBLIC        _Write_DS18B20
  B:0090H.4       PUBLIC        DQ
  D:00B8H         PUBLIC        IP
  C:0680H         PUBLIC        init_ds18b20
  D:0098H         PUBLIC        SCON
  D:0088H         PUBLIC        TCON
  D:00C8H         PUBLIC        T2CON
  C:05AEH         PUBLIC        rd_temperature
  D:00D0H         PUBLIC        PSW
  -------         PROC          DELAY4US
  -------         DO            
  D:0007H         SYMBOL        i
  -------         ENDDO         
BL51 BANKED LINKER/LOCATER V6.22.2.0                                                  03/28/2024  20:26:04  PAGE 11


  C:0003H         LINE#         10
  C:0003H         LINE#         11
  C:0003H         LINE#         14
  C:0004H         LINE#         15
  C:0005H         LINE#         16
  C:0007H         LINE#         17
  C:0009H         LINE#         19
  -------         ENDPROC       DELAY4US
  C:06CDH         SYMBOL        L?0023
  -------         PROC          L?0022
  -------         ENDPROC       L?0022
  C:06CDH         SYMBOL        L?0023
  -------         PROC          _DELAY_ONEWIRE
  D:0006H         SYMBOL        t
  -------         DO            
  D:0005H         SYMBOL        i
  -------         ENDDO         
  C:06D1H         LINE#         22
  C:06D1H         LINE#         23
  C:06D1H         LINE#         25
  C:06DBH         LINE#         26
  C:06DBH         LINE#         27
  C:06EAH         LINE#         29
  C:06EAH         LINE#         30
  -------         ENDPROC       _DELAY_ONEWIRE
  -------         PROC          _WRITE_DS18B20
  D:0001H         SYMBOL        dat
  -------         DO            
  D:0003H         SYMBOL        i
  -------         ENDDO         
  C:0659H         LINE#         33
  C:065BH         LINE#         34
  C:065BH         LINE#         36
  C:0667H         LINE#         37
  C:0667H         LINE#         38
  C:0669H         LINE#         39
  C:066DH         LINE#         40
  C:0670H         LINE#         41
  C:0672H         LINE#         42
  C:0676H         LINE#         43
  C:0679H         LINE#         44
  -------         ENDPROC       _WRITE_DS18B20
  -------         PROC          READ_DS18B20
  -------         DO            
  D:0003H         SYMBOL        i
  D:0004H         SYMBOL        dat
  -------         ENDDO         
  C:06A7H         LINE#         48
  C:06A7H         LINE#         49
  C:06A7H         LINE#         53
  C:06B3H         LINE#         54
  C:06B3H         LINE#         55
  C:06B5H         LINE#         56
  C:06B9H         LINE#         57
  C:06BBH         LINE#         58
  C:06BEH         LINE#         59
  C:06C1H         LINE#         60
BL51 BANKED LINKER/LOCATER V6.22.2.0                                                  03/28/2024  20:26:04  PAGE 12


  C:06C1H         LINE#         61
  C:06C4H         LINE#         62
  C:06C4H         LINE#         63
  C:06C7H         LINE#         64
  C:06CAH         LINE#         65
  C:06CCH         LINE#         66
  -------         ENDPROC       READ_DS18B20
  -------         PROC          INIT_DS18B20
  -------         DO            
  B:0020H.1       SYMBOL        initflag
  -------         ENDDO         
  C:0680H         LINE#         69
  C:0680H         LINE#         70
  C:0680H         LINE#         71
  C:0682H         LINE#         73
  C:0684H         LINE#         74
  C:068BH         LINE#         75
  C:068DH         LINE#         76
  C:0694H         LINE#         77
  C:0696H         LINE#         78
  C:069DH         LINE#         79
  C:06A1H         LINE#         80
  C:06A4H         LINE#         82
  C:06A6H         LINE#         83
  -------         ENDPROC       INIT_DS18B20
  -------         PROC          RD_TEMPERATURE
  -------         DO            
  D:0001H         SYMBOL        low
  D:0007H         SYMBOL        high
  -------         ENDDO         
  C:05AEH         LINE#         85
  C:05AEH         LINE#         86
  C:05AEH         LINE#         88
  C:05B1H         LINE#         89
  C:05B6H         LINE#         90
  C:05BBH         LINE#         91
  C:05C2H         LINE#         92
  C:05C5H         LINE#         93
  C:05CAH         LINE#         94
  C:05CFH         LINE#         95
  C:05D4H         LINE#         96
  C:05D7H         LINE#         97
  -------         ENDPROC       RD_TEMPERATURE
  -------         ENDMOD        ONEWIRE

  -------         MODULE        ?C?FPMUL
  C:001EH         PUBLIC        ?C?FPMUL
  -------         ENDMOD        ?C?FPMUL

  -------         MODULE        ?C?FCAST
  C:012EH         PUBLIC        ?C?FCASTC
  C:0129H         PUBLIC        ?C?FCASTI
  C:0124H         PUBLIC        ?C?FCASTL
  -------         ENDMOD        ?C?FCAST

  -------         MODULE        ?C?CASTF
  C:0162H         PUBLIC        ?C?CASTF
BL51 BANKED LINKER/LOCATER V6.22.2.0                                                  03/28/2024  20:26:04  PAGE 13


  -------         ENDMOD        ?C?CASTF

  -------         MODULE        ?C?UIDIV
  C:01E3H         PUBLIC        ?C?UIDIV
  -------         ENDMOD        ?C?UIDIV

  -------         MODULE        ?C?LNEG
  C:0238H         PUBLIC        ?C?LNEG
  -------         ENDMOD        ?C?LNEG

  -------         MODULE        ?C?MEMSET
  C:0246H         PUBLIC        ?C?MEMSET
  -------         ENDMOD        ?C?MEMSET

Program Size: data=75.2 xdata=0 code=1867
LINK/LOCATE RUN COMPLETE.  0 WARNING(S),  0 ERROR(S)
