C51 COMPILER V9.59.0.0   UL                                                                04/06/2024 20:56:12 PAGE 1   


C51 COMPILER V9.59.0.0, COMPILATION OF MODULE UL
OBJECT MODULE PLACED IN .\Objects\ul.obj
COMPILER INVOKED BY: D:\Keil_v5\C51\BIN\C51.EXE driver\ul.c OPTIMIZE(8,SPEED) BROWSE INCDIR(.\driver;.\user) DEBUG OBJEC
                    -TEXTEND PRINT(.\Listings\ul.lst) TABS(2) OBJECT(.\Objects\ul.obj)

line level    source

   1          #include "ul.h"
   2          #include "intrins.h"
   3          sbit Tx = P1 ^ 0;
   4          sbit Rx = P1 ^ 1;
   5          void Delay12us(void)  //@12.000MHz
   6          {
   7   1        unsigned char data i;
   8   1      
   9   1        _nop_();
  10   1        _nop_();
  11   1        i = 33;//38
  12   1        while (--i);
  13   1      }
  14          void Wave_Init()
  15          {
  16   1        unsigned char i;
  17   1        for ( i =0;i<8;i++)
  18   1        {
  19   2          Tx = 1;
  20   2          Delay12us();
  21   2          Tx = 0;
  22   2          Delay12us();
  23   2        }
  24   1      }
  25          unsigned char Wave_Data()
  26          {
  27   1        unsigned int time;
  28   1        CH = CL = 0;
  29   1        CMOD = 0x00;
  30   1        
  31   1        EA = 0;
  32   1        Wave_Init();
  33   1        EA = 1;
  34   1        CR = 1;
  35   1        while(Rx && !CF);
  36   1        if(CF == 0)
  37   1        {
  38   2          time = CH << 8 | CL;//us
  39   2          return (time*0.017);
  40   2        }
  41   1        else
  42   1        {
  43   2          CF = 0;
  44   2          return 0;
  45   2        }
  46   1      }
  47          
  48            
  49          


MODULE INFORMATION:   STATIC OVERLAYABLE
   CODE SIZE        =     91    ----
   CONSTANT SIZE    =   ----    ----
C51 COMPILER V9.59.0.0   UL                                                                04/06/2024 20:56:12 PAGE 2   

   XDATA SIZE       =   ----    ----
   PDATA SIZE       =   ----    ----
   DATA SIZE        =   ----    ----
   IDATA SIZE       =   ----    ----
   BIT SIZE         =   ----    ----
END OF MODULE INFORMATION.


C51 COMPILATION COMPLETE.  0 WARNING(S),  0 ERROR(S)
