BL51 BANKED LINKER/LOCATER V6.22.2.0                                                    04/01/2024  18:46:25  PAGE 1


BL51 BANKED LINKER/LOCATER V6.22.2.0, INVOKED BY:
D:\KEIL_V5\C51\BIN\BL51.EXE .\Objects\main.obj, .\Objects\Led.obj, .\Objects\Seg.obj, .\Objects\Key.obj, .\Objects\Init.
>> obj, .\Objects\ds1302.obj, .\Objects\onewire.obj TO .\Objects\zuolan PRINT (.\Listings\zuolan.m51) RAMSIZE (256)


MEMORY MODEL: SMALL WITH FLOATING POINT ARITHMETIC


INPUT MODULES INCLUDED:
  .\Objects\main.obj (MAIN)
  .\Objects\Led.obj (LED)
  .\Objects\Seg.obj (SEG)
  .\Objects\Key.obj (KEY)
  .\Objects\Init.obj (INIT)
  .\Objects\ds1302.obj (DS1302)
  .\Objects\onewire.obj (ONEWIRE)
  D:\KEIL_V5\C51\LIB\C51FPS.LIB (?C?FPMUL)
  D:\KEIL_V5\C51\LIB\C51FPS.LIB (?C?FCAST)
  D:\KEIL_V5\C51\LIB\C51FPS.LIB (?C?CASTF)
  D:\KEIL_V5\C51\LIB\C51FPS.LIB (?C?FPGETOPN)
  D:\KEIL_V5\C51\LIB\C51S.LIB (?C_STARTUP)
  D:\KEIL_V5\C51\LIB\C51S.LIB (?C?CLDOPTR)
  D:\KEIL_V5\C51\LIB\C51S.LIB (?C?CSTOPTR)
  D:\KEIL_V5\C51\LIB\C51S.LIB (?C?UIDIV)
  D:\KEIL_V5\C51\LIB\C51S.LIB (?C?LNEG)
  D:\KEIL_V5\C51\LIB\C51S.LIB (?C?MEMSET)
  D:\KEIL_V5\C51\LIB\C51S.LIB (?C_INIT)


LINK MAP OF MODULE:  .\Objects\zuolan (MAIN)


            TYPE    BASE      LENGTH    RELOCATION   SEGMENT NAME
            -----------------------------------------------------

            * * * * * * *   D A T A   M E M O R Y   * * * * * * *
            REG     0000H     0008H     ABSOLUTE     "REG BANK 0"
            DATA    0008H     0015H     UNIT         ?DT?SEG
            DATA    001DH     0002H     UNIT         ?DT?LED
                    001FH     0001H                  *** GAP ***
            BIT     0020H.0   0000H.3   UNIT         ?BI?MAIN
            BIT     0020H.3   0000H.1   UNIT         _BIT_GROUP_
                    0020H.4   0000H.4                *** GAP ***
            DATA    0021H     0036H     UNIT         ?DT?MAIN
            DATA    0057H     0004H     UNIT         _DATA_GROUP_
            IDATA   005BH     0001H     UNIT         ?STACK

            * * * * * * *   C O D E   M E M O R Y   * * * * * * *
            CODE    0000H     0003H     ABSOLUTE     
            CODE    0003H     0007H     UNIT         ?PR?LED_PROC?MAIN
                    000AH     0001H                  *** GAP ***
            CODE    000BH     0003H     ABSOLUTE     
            CODE    000EH     02A3H     UNIT         ?C?LIB_CODE
            CODE    02B1H     0238H     UNIT         ?PR?KEY_PROC?MAIN
            CODE    04E9H     015CH     UNIT         ?PR?SEG_PROC?MAIN
            CODE    0645H     00DAH     UNIT         ?PR?TIMER0_ISR?MAIN
            CODE    071FH     008CH     UNIT         ?C_C51STARTUP
            CODE    07ABH     0048H     UNIT         ?C_INITSEG
BL51 BANKED LINKER/LOCATER V6.22.2.0                                                  04/01/2024  18:46:25  PAGE 2


            CODE    07F3H     0040H     UNIT         ?PR?DATA_PROC?MAIN
            CODE    0833H     003EH     UNIT         ?PR?_SET_RTC?DS1302
            CODE    0871H     003DH     UNIT         ?PR?_READ_DS1302_BYTE?DS1302
            CODE    08AEH     003BH     UNIT         ?PR?RD_TEMPERATURE?ONEWIRE
            CODE    08E9H     003AH     UNIT         ?PR?_LED_DISP?LED
            CODE    0923H     0036H     UNIT         ?PR?_SEG_DISP?SEG
            CODE    0959H     0031H     UNIT         ?PR?_READ_RTC?DS1302
            CODE    098AH     0027H     UNIT         ?PR?_WRITE_DS18B20?ONEWIRE
            CODE    09B1H     0027H     UNIT         ?PR?INIT_DS18B20?ONEWIRE
            CODE    09D8H     0026H     UNIT         ?PR?READ_DS18B20?ONEWIRE
            CODE    09FEH     0023H     UNIT         ?PR?MAIN?MAIN
            CODE    0A21H     001EH     UNIT         ?PR?_DELAY_ONEWIRE?ONEWIRE
            CODE    0A3FH     001DH     UNIT         ?PR?SYSTEM_INIT?INIT
            CODE    0A5CH     001CH     UNIT         ?PR?_WRITE_DS1302?DS1302
            CODE    0A78H     0019H     UNIT         ?PR?KEY_READ?KEY
            CODE    0A91H     0015H     UNIT         ?PR?TIMER0_INIT?MAIN
            CODE    0AA6H     0014H     UNIT         ?PR?_WRITE_DS1302_BYTE?DS1302
            CODE    0ABAH     000FH     UNIT         ?PR?DELAY750MS?MAIN
            CODE    0AC9H     0007H     UNIT         ?PR?DELAY4US?ONEWIRE



OVERLAY MAP OF MODULE:   .\Objects\zuolan (MAIN)


SEGMENT                                  BIT_GROUP          DATA_GROUP 
  +--> CALLED SEGMENT                 START    LENGTH     START    LENGTH
-------------------------------------------------------------------------
?PR?TIMER0_ISR?MAIN                   -----    -----      -----    -----
  +--> ?PR?_SEG_DISP?SEG
  +--> ?PR?_LED_DISP?LED

*** NEW ROOT ***************************************************

?C_C51STARTUP                         -----    -----      -----    -----
  +--> ?PR?MAIN?MAIN
  +--> ?C_INITSEG

?PR?MAIN?MAIN                         -----    -----      -----    -----
  +--> ?PR?SYSTEM_INIT?INIT
  +--> ?PR?TIMER0_INIT?MAIN
  +--> ?PR?_SET_RTC?DS1302
  +--> ?PR?RD_TEMPERATURE?ONEWIRE
  +--> ?PR?DELAY750MS?MAIN
  +--> ?PR?DATA_PROC?MAIN
  +--> ?PR?KEY_PROC?MAIN
  +--> ?PR?SEG_PROC?MAIN
  +--> ?PR?LED_PROC?MAIN

?PR?_SET_RTC?DS1302                   -----    -----      0058H    0003H
  +--> ?PR?_WRITE_DS1302_BYTE?DS1302

?PR?_WRITE_DS1302_BYTE?DS1302         -----    -----      -----    -----
  +--> ?PR?_WRITE_DS1302?DS1302

?PR?RD_TEMPERATURE?ONEWIRE            -----    -----      -----    -----
  +--> ?PR?INIT_DS18B20?ONEWIRE
BL51 BANKED LINKER/LOCATER V6.22.2.0                                                  04/01/2024  18:46:25  PAGE 3


  +--> ?PR?_WRITE_DS18B20?ONEWIRE
  +--> ?PR?_DELAY_ONEWIRE?ONEWIRE
  +--> ?PR?READ_DS18B20?ONEWIRE

?PR?INIT_DS18B20?ONEWIRE              0020H.3  0000H.1    -----    -----
  +--> ?PR?_DELAY_ONEWIRE?ONEWIRE

?PR?_WRITE_DS18B20?ONEWIRE            -----    -----      -----    -----
  +--> ?PR?_DELAY_ONEWIRE?ONEWIRE

?PR?READ_DS18B20?ONEWIRE              -----    -----      -----    -----
  +--> ?PR?DELAY4US?ONEWIRE
  +--> ?PR?_DELAY_ONEWIRE?ONEWIRE

?PR?DATA_PROC?MAIN                    -----    -----      -----    -----
  +--> ?PR?_READ_RTC?DS1302
  +--> ?PR?RD_TEMPERATURE?ONEWIRE

?PR?_READ_RTC?DS1302                  -----    -----      0057H    0003H
  +--> ?PR?_READ_DS1302_BYTE?DS1302

?PR?_READ_DS1302_BYTE?DS1302          -----    -----      -----    -----
  +--> ?PR?_WRITE_DS1302?DS1302

?PR?KEY_PROC?MAIN                     -----    -----      0057H    0001H
  +--> ?PR?KEY_READ?KEY
  +--> ?PR?_SET_RTC?DS1302



SYMBOL TABLE OF MODULE:  .\Objects\zuolan (MAIN)

  VALUE           TYPE          NAME
  ----------------------------------

  -------         MODULE        MAIN
  C:0000H         SYMBOL        _ICE_DUMMY_
  D:0080H         PUBLIC        P0
  D:0090H         PUBLIC        P1
  D:00A0H         PUBLIC        P2
  D:00B0H         PUBLIC        P3
  C:0645H         PUBLIC        Timer0_ISR
  D:0025H         PUBLIC        ucRtc
  D:00C0H         PUBLIC        P4
  D:00C8H         PUBLIC        P5
  D:0028H         PUBLIC        time_200ms
  B:00A8H.7       PUBLIC        EA
  D:00E8H         PUBLIC        P6
  B:0020H.0       PUBLIC        Led_blink_flag
  D:00F8H         PUBLIC        P7
  C:0003H         PUBLIC        Led_Proc
  D:0029H         PUBLIC        Seg_Point
  D:00A8H         PUBLIC        IE
  B:0020H.1       PUBLIC        Seg_blink_flag
  C:04E9H         PUBLIC        Seg_Proc
  D:00B8H         PUBLIC        IP
  D:0031H         PUBLIC        Seg_Buf
BL51 BANKED LINKER/LOCATER V6.22.2.0                                                  04/01/2024  18:46:25  PAGE 4


  C:02B1H         PUBLIC        Key_Proc
  D:0039H         PUBLIC        Seg_Slow_Down
  D:00D8H         PUBLIC        CCON
  C:09FEH         PUBLIC        main
  D:003AH         PUBLIC        time_blink_1s
  C:0A91H         PUBLIC        Timer0_Init
  D:003CH         PUBLIC        Key_Slow_Down
  D:003DH         PUBLIC        setUcRtc_index
  B:0020H.2       PUBLIC        ring_flag
  D:003EH         PUBLIC        setUcRtc
  D:0041H         PUBLIC        Seg_Pos
  D:0098H         PUBLIC        SCON
  D:0089H         PUBLIC        TMOD
  D:0088H         PUBLIC        TCON
  D:0042H         PUBLIC        time_5s
  D:0044H         PUBLIC        alarmRtc
  D:008EH         PUBLIC        AUXR
  B:00A8H.1       PUBLIC        ET0
  B:0088H.5       PUBLIC        TF0
  D:0047H         PUBLIC        Seg_show_mode
  D:008CH         PUBLIC        TH0
  D:008AH         PUBLIC        TL0
  D:0048H         PUBLIC        time_all_1s
  D:004AH         PUBLIC        T_value
  B:0088H.4       PUBLIC        TR0
  D:004BH         PUBLIC        setAlarmRtc_index
  D:004CH         PUBLIC        setAlarmRtc
  D:004FH         PUBLIC        ucLed
  C:0ABAH         PUBLIC        Delay750ms
  C:07F3H         PUBLIC        Data_Proc
  D:00D0H         PUBLIC        PSW
  -------         PROC          DATA_PROC
  C:07F3H         LINE#         35
  C:07F3H         LINE#         36
  C:07F3H         LINE#         37
  C:0802H         LINE#         38
  C:0802H         LINE#         40
  C:080AH         LINE#         41
  C:0819H         LINE#         43
  C:081BH         LINE#         44
  C:081BH         LINE#         45
  C:082AH         LINE#         46
  C:082AH         LINE#         48
  C:0832H         LINE#         49
  C:0832H         LINE#         50
  -------         ENDPROC       DATA_PROC
  -------         PROC          KEY_PROC
  -------         DO            
  D:0021H         SYMBOL        Key_Val
  D:0022H         SYMBOL        Key_Down
  D:0023H         SYMBOL        Key_Up
  D:0024H         SYMBOL        Key_Old
  D:0057H         SYMBOL        i
  -------         ENDDO         
  C:02B1H         LINE#         52
  C:02B1H         LINE#         53
  C:02B1H         LINE#         56
BL51 BANKED LINKER/LOCATER V6.22.2.0                                                  04/01/2024  18:46:25  PAGE 5


  C:02C3H         LINE#         58
  C:02C8H         LINE#         59
  C:02D1H         LINE#         60
  C:02D7H         LINE#         61
  C:02DAH         LINE#         62
  C:02F5H         LINE#         63
  C:02F5H         LINE#         64
  C:02F5H         LINE#         65
  C:02FEH         LINE#         66
  C:02FEH         LINE#         68
  C:030BH         LINE#         69
  C:030BH         LINE#         70
  C:0326H         LINE#         71
  C:032AH         LINE#         72
  C:032DH         LINE#         73
  C:032FH         LINE#         74
  C:0335H         LINE#         75
  C:0335H         LINE#         77
  C:0342H         LINE#         78
  C:0342H         LINE#         79
  C:035DH         LINE#         80
  C:0361H         LINE#         81
  C:0364H         LINE#         82
  C:0364H         LINE#         83
  C:036DH         LINE#         85
  C:0370H         LINE#         86
  C:0373H         LINE#         88
  C:0373H         LINE#         89
  C:0379H         LINE#         90
  C:037BH         LINE#         91
  C:0386H         LINE#         92
  C:0386H         LINE#         94
  C:0389H         LINE#         95
  C:038BH         LINE#         96
  C:0398H         LINE#         97
  C:03BBH         LINE#         98
  C:03C4H         LINE#         99
  C:03C4H         LINE#         100
  C:03CDH         LINE#         101
  C:03CDH         LINE#         102
  C:03D1H         LINE#         104
  C:03EAH         LINE#         108
  C:0403H         LINE#         110
  C:0406H         LINE#         111
  C:040FH         LINE#         113
  C:0420H         LINE#         115
  C:0423H         LINE#         116
  C:0423H         LINE#         117
  C:0429H         LINE#         118
  C:042BH         LINE#         119
  C:0436H         LINE#         120
  C:0436H         LINE#         122
  C:0439H         LINE#         123
  C:043BH         LINE#         124
  C:0448H         LINE#         125
  C:046BH         LINE#         126
  C:046BH         LINE#         127
BL51 BANKED LINKER/LOCATER V6.22.2.0                                                  04/01/2024  18:46:25  PAGE 6


  C:0474H         LINE#         128
  C:0474H         LINE#         129
  C:0478H         LINE#         131
  C:0495H         LINE#         135
  C:04B7H         LINE#         137
  C:04B9H         LINE#         138
  C:04BFH         LINE#         140
  C:04D5H         LINE#         142
  C:04D7H         LINE#         143
  C:04D7H         LINE#         144
  C:04DDH         LINE#         146
  C:04DFH         LINE#         147
  C:04DFH         LINE#         148
  C:04DFH         LINE#         149
  C:04E6H         LINE#         150
  C:04E8H         LINE#         151
  -------         ENDPROC       KEY_PROC
  -------         PROC          SEG_PROC
  C:04E9H         LINE#         153
  C:04E9H         LINE#         154
  C:04E9H         LINE#         155
  C:04FBH         LINE#         157
  C:0513H         LINE#         158
  C:0513H         LINE#         159
  C:0513H         LINE#         161
  C:051AH         LINE#         162
  C:0520H         LINE#         163
  C:0523H         LINE#         164
  C:052AH         LINE#         165
  C:0530H         LINE#         166
  C:0533H         LINE#         167
  C:053AH         LINE#         168
  C:0540H         LINE#         169
  C:0541H         LINE#         171
  C:0541H         LINE#         173
  C:0549H         LINE#         174
  C:0552H         LINE#         175
  C:0555H         LINE#         176
  C:055DH         LINE#         177
  C:0566H         LINE#         178
  C:0569H         LINE#         179
  C:0571H         LINE#         180
  C:057AH         LINE#         181
  C:0597H         LINE#         183
  C:05ABH         LINE#         185
  C:05ADH         LINE#         186
  C:05ADH         LINE#         188
  C:05B5H         LINE#         189
  C:05BEH         LINE#         190
  C:05C1H         LINE#         191
  C:05C9H         LINE#         192
  C:05D2H         LINE#         193
  C:05D5H         LINE#         194
  C:05DDH         LINE#         195
  C:05E6H         LINE#         196
  C:0603H         LINE#         198
  C:0620H         LINE#         200
BL51 BANKED LINKER/LOCATER V6.22.2.0                                                  04/01/2024  18:46:25  PAGE 7


  C:0621H         LINE#         201
  C:0621H         LINE#         202
  C:0621H         LINE#         204
  C:0630H         LINE#         205
  C:0638H         LINE#         206
  C:0641H         LINE#         207
  C:0644H         LINE#         208
  C:0644H         LINE#         209
  C:0644H         LINE#         210
  -------         ENDPROC       SEG_PROC
  -------         PROC          LED_PROC
  C:0003H         LINE#         213
  C:0003H         LINE#         214
  C:0003H         LINE#         215
  C:0009H         LINE#         216
  -------         ENDPROC       LED_PROC
  -------         PROC          TIMER0_INIT
  C:0A91H         LINE#         219
  C:0A91H         LINE#         220
  C:0A91H         LINE#         221
  C:0A94H         LINE#         222
  C:0A97H         LINE#         223
  C:0A9AH         LINE#         224
  C:0A9DH         LINE#         225
  C:0A9FH         LINE#         226
  C:0AA1H         LINE#         227
  C:0AA3H         LINE#         228
  C:0AA5H         LINE#         229
  -------         ENDPROC       TIMER0_INIT
  -------         PROC          TIMER0_ISR
  C:0645H         LINE#         232
  C:0662H         LINE#         234
  C:0673H         LINE#         235
  C:0679H         LINE#         236
  C:0681H         LINE#         237
  C:0683H         LINE#         238
  C:068FH         LINE#         239
  C:068FH         LINE#         241
  C:06A0H         LINE#         242
  C:06A0H         LINE#         244
  C:06A6H         LINE#         245
  C:06ABH         LINE#         246
  C:06ABH         LINE#         247
  C:06ADH         LINE#         249
  C:06ADH         LINE#         251
  C:06B3H         LINE#         252
  C:06B5H         LINE#         253
  C:06B5H         LINE#         254
  C:06B8H         LINE#         255
  C:06B8H         LINE#         257
  C:06C0H         LINE#         258
  C:06C5H         LINE#         259
  C:06D6H         LINE#         260
  C:06D8H         LINE#         261
  C:06DAH         LINE#         263
  C:06DAH         LINE#         265
  C:06DCH         LINE#         266
BL51 BANKED LINKER/LOCATER V6.22.2.0                                                  04/01/2024  18:46:25  PAGE 8


  C:06E2H         LINE#         267
  C:06E5H         LINE#         268
  C:06E5H         LINE#         269
  C:06F8H         LINE#         270
  C:0704H         LINE#         271
  -------         ENDPROC       TIMER0_ISR
  -------         PROC          DELAY750MS
  -------         DO            
  D:0007H         SYMBOL        i
  D:0006H         SYMBOL        j
  D:0005H         SYMBOL        k
  -------         ENDDO         
  C:0ABAH         LINE#         273
  C:0ABAH         LINE#         274
  C:0ABAH         LINE#         277
  C:0ABBH         LINE#         278
  C:0ABCH         LINE#         279
  C:0ABEH         LINE#         280
  C:0AC0H         LINE#         281
  C:0AC2H         LINE#         283
  C:0AC2H         LINE#         285
  C:0AC2H         LINE#         286
  C:0AC4H         LINE#         288
  C:0AC6H         LINE#         289
  C:0AC8H         LINE#         290
  -------         ENDPROC       DELAY750MS
  -------         PROC          MAIN
  C:09FEH         LINE#         291
  C:09FEH         LINE#         292
  C:09FEH         LINE#         293
  C:0A01H         LINE#         294
  C:0A04H         LINE#         295
  C:0A0DH         LINE#         296
  C:0A10H         LINE#         297
  C:0A13H         LINE#         298
  C:0A13H         LINE#         299
  C:0A13H         LINE#         300
  C:0A16H         LINE#         301
  C:0A19H         LINE#         302
  C:0A1CH         LINE#         303
  C:0A1FH         LINE#         304
  -------         ENDPROC       MAIN
  -------         ENDMOD        MAIN

  -------         MODULE        LED
  C:0000H         SYMBOL        _ICE_DUMMY_
  D:0080H         PUBLIC        P0
  D:0090H         PUBLIC        P1
  D:00A0H         PUBLIC        P2
  D:00B0H         PUBLIC        P3
  D:00C0H         PUBLIC        P4
  D:00C8H         PUBLIC        P5
  D:00E8H         PUBLIC        P6
  D:00F8H         PUBLIC        P7
  C:08E9H         PUBLIC        _Led_Disp
  D:00A8H         PUBLIC        IE
  D:00B8H         PUBLIC        IP
BL51 BANKED LINKER/LOCATER V6.22.2.0                                                  04/01/2024  18:46:25  PAGE 9


  D:00D8H         PUBLIC        CCON
  D:0098H         PUBLIC        SCON
  D:0088H         PUBLIC        TCON
  D:00D0H         PUBLIC        PSW
  -------         PROC          _LED_DISP
  D:0007H         SYMBOL        addr
  D:0005H         SYMBOL        enable
  -------         DO            
  D:001DH         SYMBOL        temp
  D:001EH         SYMBOL        temp_old
  -------         ENDDO         
  C:08E9H         LINE#         5
  C:08E9H         LINE#         6
  C:08E9H         LINE#         10
  C:08ECH         LINE#         11
  C:08FBH         LINE#         13
  C:0909H         LINE#         14
  C:090FH         LINE#         15
  C:090FH         LINE#         16
  C:0914H         LINE#         17
  C:091CH         LINE#         18
  C:091FH         LINE#         19
  C:0922H         LINE#         20
  C:0922H         LINE#         21
  -------         ENDPROC       _LED_DISP
  -------         ENDMOD        LED

  -------         MODULE        SEG
  C:0000H         SYMBOL        _ICE_DUMMY_
  D:0080H         PUBLIC        P0
  D:0090H         PUBLIC        P1
  D:00A0H         PUBLIC        P2
  D:00B0H         PUBLIC        P3
  D:00C0H         PUBLIC        P4
  D:00C8H         PUBLIC        P5
  D:00E8H         PUBLIC        P6
  D:00F8H         PUBLIC        P7
  D:00A8H         PUBLIC        IE
  C:0923H         PUBLIC        _Seg_Disp
  D:00B8H         PUBLIC        IP
  D:00D8H         PUBLIC        CCON
  D:0098H         PUBLIC        SCON
  D:0088H         PUBLIC        TCON
  D:0008H         PUBLIC        seg_dula
  D:0015H         PUBLIC        seg_wela
  D:00D0H         PUBLIC        PSW
  -------         PROC          _SEG_DISP
  D:0007H         SYMBOL        wela
  D:0005H         SYMBOL        dula
  D:0003H         SYMBOL        point
  C:0923H         LINE#         7
  C:0923H         LINE#         8
  C:0923H         LINE#         10
  C:0926H         LINE#         11
  C:092EH         LINE#         14
  C:0935H         LINE#         15
  C:093DH         LINE#         16
BL51 BANKED LINKER/LOCATER V6.22.2.0                                                  04/01/2024  18:46:25  PAGE 10


  C:0940H         LINE#         19
  C:0947H         LINE#         20
  C:094AH         LINE#         21
  C:094DH         LINE#         22
  C:0955H         LINE#         23
  C:0958H         LINE#         24
  -------         ENDPROC       _SEG_DISP
  -------         ENDMOD        SEG

  -------         MODULE        KEY
  C:0000H         SYMBOL        _ICE_DUMMY_
  D:0080H         PUBLIC        P0
  D:0090H         PUBLIC        P1
  D:00A0H         PUBLIC        P2
  D:00B0H         PUBLIC        P3
  D:00C0H         PUBLIC        P4
  D:00C8H         PUBLIC        P5
  D:00E8H         PUBLIC        P6
  D:00F8H         PUBLIC        P7
  C:0A78H         PUBLIC        Key_Read
  D:00A8H         PUBLIC        IE
  D:00B8H         PUBLIC        IP
  D:00D8H         PUBLIC        CCON
  B:00B0H.0       PUBLIC        P30
  D:0098H         PUBLIC        SCON
  B:00B0H.1       PUBLIC        P31
  D:0088H         PUBLIC        TCON
  B:00B0H.2       PUBLIC        P32
  B:00B0H.3       PUBLIC        P33
  B:00C0H.4       PUBLIC        P44
  D:00D0H         PUBLIC        PSW
  -------         PROC          KEY_READ
  -------         DO            
  D:0007H         SYMBOL        temp
  -------         ENDDO         
  C:0A78H         LINE#         2
  C:0A78H         LINE#         3
  C:0A78H         LINE#         4
  C:0A7AH         LINE#         5
  C:0A7CH         LINE#         6
  C:0A7FH         LINE#         7
  C:0A81H         LINE#         8
  C:0A84H         LINE#         9
  C:0A86H         LINE#         10
  C:0A89H         LINE#         11
  C:0A8BH         LINE#         12
  C:0A8EH         LINE#         13
  C:0A90H         LINE#         14
  C:0A90H         LINE#         15
  -------         ENDPROC       KEY_READ
  -------         ENDMOD        KEY

  -------         MODULE        INIT
  C:0000H         SYMBOL        _ICE_DUMMY_
  C:0A3FH         PUBLIC        System_Init
  D:0080H         PUBLIC        P0
  D:0090H         PUBLIC        P1
BL51 BANKED LINKER/LOCATER V6.22.2.0                                                  04/01/2024  18:46:25  PAGE 11


  D:00A0H         PUBLIC        P2
  D:00B0H         PUBLIC        P3
  D:00C0H         PUBLIC        P4
  D:00C8H         PUBLIC        P5
  D:00E8H         PUBLIC        P6
  D:00F8H         PUBLIC        P7
  D:00A8H         PUBLIC        IE
  D:00B8H         PUBLIC        IP
  D:00D8H         PUBLIC        CCON
  D:0098H         PUBLIC        SCON
  D:0088H         PUBLIC        TCON
  D:00D0H         PUBLIC        PSW
  -------         PROC          SYSTEM_INIT
  C:0A3FH         LINE#         3
  C:0A3FH         LINE#         4
  C:0A3FH         LINE#         5
  C:0A42H         LINE#         6
  C:0A4AH         LINE#         7
  C:0A4DH         LINE#         9
  C:0A50H         LINE#         10
  C:0A58H         LINE#         11
  C:0A5BH         LINE#         12
  -------         ENDPROC       SYSTEM_INIT
  -------         ENDMOD        INIT

  -------         MODULE        DS1302
  C:0000H         SYMBOL        _ICE_DUMMY_
  D:0090H         PUBLIC        P1
  D:00A0H         PUBLIC        P2
  D:00B0H         PUBLIC        P3
  C:0959H         PUBLIC        _Read_Rtc
  D:00A8H         PUBLIC        IE
  D:00B8H         PUBLIC        IP
  D:0098H         PUBLIC        SCON
  D:0088H         PUBLIC        TCON
  C:0833H         PUBLIC        _Set_Rtc
  C:0871H         PUBLIC        _Read_Ds1302_Byte
  B:00A0H.3       PUBLIC        SDA
  B:0090H.7       PUBLIC        SCK
  C:0AA6H         PUBLIC        _Write_Ds1302_Byte
  D:00C8H         PUBLIC        T2CON
  C:0A5CH         PUBLIC        _Write_Ds1302
  B:0090H.3       PUBLIC        RST
  D:00D0H         PUBLIC        PSW
  -------         PROC          _WRITE_DS1302
  D:0007H         SYMBOL        temp
  -------         DO            
  D:0006H         SYMBOL        i
  -------         ENDDO         
  C:0A5CH         LINE#         13
  C:0A5CH         LINE#         14
  C:0A5CH         LINE#         16
  C:0A68H         LINE#         17
  C:0A68H         LINE#         18
  C:0A6AH         LINE#         19
  C:0A6EH         LINE#         20
  C:0A72H         LINE#         21
BL51 BANKED LINKER/LOCATER V6.22.2.0                                                  04/01/2024  18:46:25  PAGE 12


  C:0A74H         LINE#         22
  C:0A77H         LINE#         23
  -------         ENDPROC       _WRITE_DS1302
  -------         PROC          _WRITE_DS1302_BYTE
  D:0007H         SYMBOL        address
  D:0005H         SYMBOL        dat
  C:0AA6H         LINE#         26
  C:0AA6H         LINE#         27
  C:0AA6H         LINE#         28
  C:0AA8H         LINE#         29
  C:0AA9H         LINE#         30
  C:0AABH         LINE#         31
  C:0AACH         LINE#         32
  C:0AAEH         LINE#         33
  C:0AAFH         LINE#         34
  C:0AB2H         LINE#         35
  C:0AB7H         LINE#         36
  C:0AB9H         LINE#         37
  -------         ENDPROC       _WRITE_DS1302_BYTE
  -------         PROC          _READ_DS1302_BYTE
  D:0007H         SYMBOL        address
  -------         DO            
  D:0007H         SYMBOL        i
  D:0005H         SYMBOL        temp
  -------         ENDDO         
  C:0871H         LINE#         40
  C:0871H         LINE#         41
  C:0871H         LINE#         42
  C:0873H         LINE#         43
  C:0875H         LINE#         44
  C:0876H         LINE#         45
  C:0878H         LINE#         46
  C:0879H         LINE#         47
  C:087BH         LINE#         48
  C:087CH         LINE#         49
  C:087FH         LINE#         50
  C:088BH         LINE#         51
  C:088BH         LINE#         52
  C:088DH         LINE#         53
  C:0891H         LINE#         54
  C:0894H         LINE#         55
  C:0897H         LINE#         56
  C:0899H         LINE#         57
  C:089CH         LINE#         58
  C:089EH         LINE#         59
  C:089FH         LINE#         60
  C:08A1H         LINE#         61
  C:08A2H         LINE#         62
  C:08A4H         LINE#         63
  C:08A5H         LINE#         64
  C:08A7H         LINE#         65
  C:08A8H         LINE#         66
  C:08AAH         LINE#         67
  C:08ABH         LINE#         68
  C:08ADH         LINE#         69
  -------         ENDPROC       _READ_DS1302_BYTE
  -------         PROC          _SET_RTC
BL51 BANKED LINKER/LOCATER V6.22.2.0                                                  04/01/2024  18:46:25  PAGE 13


  D:0058H         SYMBOL        ucRtc
  -------         DO            
  D:0004H         SYMBOL        i
  -------         ENDDO         
  C:0833H         LINE#         70
  C:0839H         LINE#         71
  C:0839H         LINE#         73
  C:0840H         LINE#         74
  C:084CH         LINE#         75
  C:086AH         LINE#         76
  -------         ENDPROC       _SET_RTC
  -------         PROC          _READ_RTC
  D:0057H         SYMBOL        ucRtc
  -------         DO            
  D:0004H         SYMBOL        i
  -------         ENDDO         
  C:0959H         LINE#         78
  C:095FH         LINE#         79
  C:095FH         LINE#         81
  C:096BH         LINE#         82
  C:0989H         LINE#         83
  -------         ENDPROC       _READ_RTC
  -------         ENDMOD        DS1302

  -------         MODULE        ONEWIRE
  C:0000H         SYMBOL        _ICE_DUMMY_
  D:0090H         PUBLIC        P1
  D:00B0H         PUBLIC        P3
  C:09D8H         PUBLIC        Read_DS18B20
  D:00A8H         PUBLIC        IE
  C:0A25H         PUBLIC        _Delay_OneWire
  C:0AC9H         PUBLIC        Delay4us
  C:098AH         PUBLIC        _Write_DS18B20
  B:0090H.4       PUBLIC        DQ
  D:00B8H         PUBLIC        IP
  C:09B1H         PUBLIC        init_ds18b20
  D:0098H         PUBLIC        SCON
  D:0088H         PUBLIC        TCON
  D:00C8H         PUBLIC        T2CON
  C:08AEH         PUBLIC        rd_temperature
  D:00D0H         PUBLIC        PSW
  -------         PROC          DELAY4US
  -------         DO            
  D:0007H         SYMBOL        i
  -------         ENDDO         
  C:0AC9H         LINE#         10
  C:0AC9H         LINE#         11
  C:0AC9H         LINE#         14
  C:0ACAH         LINE#         15
  C:0ACBH         LINE#         16
  C:0ACDH         LINE#         17
  C:0ACFH         LINE#         19
  -------         ENDPROC       DELAY4US
  C:0A21H         SYMBOL        L?0023
  -------         PROC          L?0022
  -------         ENDPROC       L?0022
  C:0A21H         SYMBOL        L?0023
BL51 BANKED LINKER/LOCATER V6.22.2.0                                                  04/01/2024  18:46:25  PAGE 14


  -------         PROC          _DELAY_ONEWIRE
  D:0006H         SYMBOL        t
  -------         DO            
  D:0005H         SYMBOL        i
  -------         ENDDO         
  C:0A25H         LINE#         22
  C:0A25H         LINE#         23
  C:0A25H         LINE#         25
  C:0A2FH         LINE#         26
  C:0A2FH         LINE#         27
  C:0A3EH         LINE#         29
  C:0A3EH         LINE#         30
  -------         ENDPROC       _DELAY_ONEWIRE
  -------         PROC          _WRITE_DS18B20
  D:0001H         SYMBOL        dat
  -------         DO            
  D:0003H         SYMBOL        i
  -------         ENDDO         
  C:098AH         LINE#         33
  C:098CH         LINE#         34
  C:098CH         LINE#         36
  C:0998H         LINE#         37
  C:0998H         LINE#         38
  C:099AH         LINE#         39
  C:099EH         LINE#         40
  C:09A1H         LINE#         41
  C:09A3H         LINE#         42
  C:09A7H         LINE#         43
  C:09AAH         LINE#         44
  -------         ENDPROC       _WRITE_DS18B20
  -------         PROC          READ_DS18B20
  -------         DO            
  D:0003H         SYMBOL        i
  D:0004H         SYMBOL        dat
  -------         ENDDO         
  C:09D8H         LINE#         48
  C:09D8H         LINE#         49
  C:09D8H         LINE#         53
  C:09E4H         LINE#         54
  C:09E4H         LINE#         55
  C:09E6H         LINE#         56
  C:09EAH         LINE#         57
  C:09ECH         LINE#         58
  C:09EFH         LINE#         59
  C:09F2H         LINE#         60
  C:09F2H         LINE#         61
  C:09F5H         LINE#         62
  C:09F5H         LINE#         63
  C:09F8H         LINE#         64
  C:09FBH         LINE#         65
  C:09FDH         LINE#         66
  -------         ENDPROC       READ_DS18B20
  -------         PROC          INIT_DS18B20
  -------         DO            
  B:0020H.3       SYMBOL        initflag
  -------         ENDDO         
  C:09B1H         LINE#         69
BL51 BANKED LINKER/LOCATER V6.22.2.0                                                  04/01/2024  18:46:25  PAGE 15


  C:09B1H         LINE#         70
  C:09B1H         LINE#         71
  C:09B3H         LINE#         73
  C:09B5H         LINE#         74
  C:09BCH         LINE#         75
  C:09BEH         LINE#         76
  C:09C5H         LINE#         77
  C:09C7H         LINE#         78
  C:09CEH         LINE#         79
  C:09D2H         LINE#         80
  C:09D5H         LINE#         82
  C:09D7H         LINE#         83
  -------         ENDPROC       INIT_DS18B20
  -------         PROC          RD_TEMPERATURE
  -------         DO            
  D:0001H         SYMBOL        low
  D:0007H         SYMBOL        high
  -------         ENDDO         
  C:08AEH         LINE#         85
  C:08AEH         LINE#         86
  C:08AEH         LINE#         88
  C:08B1H         LINE#         89
  C:08B6H         LINE#         90
  C:08BBH         LINE#         91
  C:08C2H         LINE#         92
  C:08C5H         LINE#         93
  C:08CAH         LINE#         94
  C:08CFH         LINE#         95
  C:08D4H         LINE#         96
  C:08D7H         LINE#         97
  -------         ENDPROC       RD_TEMPERATURE
  -------         ENDMOD        ONEWIRE

  -------         MODULE        ?C?FPMUL
  C:000EH         PUBLIC        ?C?FPMUL
  -------         ENDMOD        ?C?FPMUL

  -------         MODULE        ?C?FCAST
  C:011EH         PUBLIC        ?C?FCASTC
  C:0119H         PUBLIC        ?C?FCASTI
  C:0114H         PUBLIC        ?C?FCASTL
  -------         ENDMOD        ?C?FCAST

  -------         MODULE        ?C?CASTF
  C:0152H         PUBLIC        ?C?CASTF
  -------         ENDMOD        ?C?CASTF

  -------         MODULE        ?C?CLDOPTR
  C:01D3H         PUBLIC        ?C?CLDOPTR
  -------         ENDMOD        ?C?CLDOPTR

  -------         MODULE        ?C?CSTOPTR
  C:0200H         PUBLIC        ?C?CSTOPTR
  -------         ENDMOD        ?C?CSTOPTR

  -------         MODULE        ?C?UIDIV
  C:0222H         PUBLIC        ?C?UIDIV
BL51 BANKED LINKER/LOCATER V6.22.2.0                                                  04/01/2024  18:46:25  PAGE 16


  -------         ENDMOD        ?C?UIDIV

  -------         MODULE        ?C?LNEG
  C:0277H         PUBLIC        ?C?LNEG
  -------         ENDMOD        ?C?LNEG

  -------         MODULE        ?C?MEMSET
  C:0285H         PUBLIC        ?C?MEMSET
  -------         ENDMOD        ?C?MEMSET

Program Size: data=90.4 xdata=0 code=2767
LINK/LOCATE RUN COMPLETE.  0 WARNING(S),  0 ERROR(S)
