BL51 BANKED LINKER/LOCATER V6.22.2.0                                                    02/16/2024  10:32:53  PAGE 1


BL51 BANKED LINKER/LOCATER V6.22.2.0, INVOKED BY:
D:\KEIL_V5\C51\BIN\BL51.EXE .\Objects\main.obj, .\Objects\Key.obj, .\Objects\ds1302.obj, .\Objects\iic.obj, .\Objects\in
>> it.obj, .\Objects\Led.obj, .\Objects\onewire.obj, .\Objects\Seg.obj TO .\Objects\test14 PRINT (.\Listings\test14.m51)
>>  RAMSIZE (256)


MEMORY MODEL: SMALL WITH FLOATING POINT ARITHMETIC


INPUT MODULES INCLUDED:
  .\Objects\main.obj (MAIN)
  .\Objects\Key.obj (KEY)
  .\Objects\ds1302.obj (DS1302)
  .\Objects\iic.obj (IIC)
  .\Objects\init.obj (INIT)
  .\Objects\Led.obj (LED)
  .\Objects\onewire.obj (ONEWIRE)
  .\Objects\Seg.obj (SEG)
  D:\KEIL_V5\C51\LIB\C51FPS.LIB (?C?FPMUL)
  D:\KEIL_V5\C51\LIB\C51FPS.LIB (?C?FPDIV)
  D:\KEIL_V5\C51\LIB\C51FPS.LIB (?C?FCAST)
  D:\KEIL_V5\C51\LIB\C51FPS.LIB (?C?CASTF)
  D:\KEIL_V5\C51\LIB\C51FPS.LIB (?C?FPGETOPN)
  D:\KEIL_V5\C51\LIB\C51S.LIB (?C_STARTUP)
  D:\KEIL_V5\C51\LIB\C51S.LIB (?C?CLDOPTR)
  D:\KEIL_V5\C51\LIB\C51S.LIB (?C?CSTOPTR)
  D:\KEIL_V5\C51\LIB\C51S.LIB (?C?IMUL)
  D:\KEIL_V5\C51\LIB\C51S.LIB (?C?UIDIV)
  D:\KEIL_V5\C51\LIB\C51S.LIB (?C?LNEG)
  D:\KEIL_V5\C51\LIB\C51S.LIB (?C_INIT)


LINK MAP OF MODULE:  .\Objects\test14 (MAIN)


            TYPE    BASE      LENGTH    RELOCATION   SEGMENT NAME
            -----------------------------------------------------

            * * * * * * *   D A T A   M E M O R Y   * * * * * * *
            REG     0000H     0008H     ABSOLUTE     "REG BANK 0"
            DATA    0008H     0005H     UNIT         _DATA_GROUP_
            DATA    000DH     0002H     UNIT         ?DT?LED
                    000FH     0011H                  *** GAP ***
            BIT     0020H.0   0000H.6   UNIT         ?BI?MAIN
            BIT     0020H.6   0000H.2   UNIT         _BIT_GROUP_
            DATA    0021H     003EH     UNIT         ?DT?MAIN
            DATA    005FH     001AH     UNIT         ?DT?SEG
            IDATA   0079H     0001H     UNIT         ?STACK

            * * * * * * *   C O D E   M E M O R Y   * * * * * * *
            CODE    0000H     0003H     ABSOLUTE     
            CODE    0003H     0018H     UNIT         ?PR?_I2CSENDACK?IIC
            CODE    001BH     0003H     ABSOLUTE     
            CODE    001EH     0329H     UNIT         ?C?LIB_CODE
            CODE    0347H     02E1H     UNIT         ?PR?SEG_PORC?MAIN
            CODE    0628H     00FAH     UNIT         ?PR?TIMER1_ISR?MAIN
            CODE    0722H     00B4H     UNIT         ?PR?KEY_PORC?MAIN
            CODE    07D6H     008CH     UNIT         ?C_C51STARTUP
BL51 BANKED LINKER/LOCATER V6.22.2.0                                                  02/16/2024  10:32:53  PAGE 2


            CODE    0862H     0073H     UNIT         ?PR?KEY_READ?KEY
            CODE    08D5H     004BH     UNIT         ?C_INITSEG
            CODE    0920H     0046H     UNIT         ?PR?LED_PORC?MAIN
            CODE    0966H     0040H     UNIT         ?PR?RD_HUMIDITY?MAIN
            CODE    09A6H     003EH     UNIT         ?PR?_SET_RTC?DS1302
            CODE    09E4H     003DH     UNIT         ?PR?_READ_DS1302_BYTE?DS1302
            CODE    0A21H     003AH     UNIT         ?PR?_LED_DISP?LED
            CODE    0A5BH     0036H     UNIT         ?PR?_SEG_DISP?SEG
            CODE    0A91H     0035H     UNIT         ?PR?_I2CSENDBYTE?IIC
            CODE    0AC6H     0034H     UNIT         ?PR?RD_TEMPERATURE?ONEWIRE
            CODE    0AFAH     0031H     UNIT         ?PR?_READ_RTC?DS1302
            CODE    0B2BH     002AH     UNIT         ?PR?_AD_READ?IIC
            CODE    0B55H     0027H     UNIT         ?PR?_WRITE_DS18B20?ONEWIRE
            CODE    0B7CH     0027H     UNIT         ?PR?INIT_DS18B20?ONEWIRE
            CODE    0BA3H     0026H     UNIT         ?PR?I2CRECEIVEBYTE?IIC
            CODE    0BC9H     0024H     UNIT         ?PR?CLEAR_DATA?MAIN
            CODE    0BEDH     0023H     UNIT         ?PR?READ_DS18B20?ONEWIRE
            CODE    0C10H     001EH     UNIT         ?PR?_DELAY_ONEWIRE?ONEWIRE
            CODE    0C2EH     001DH     UNIT         ?PR?MAIN?MAIN
            CODE    0C4BH     001DH     UNIT         ?PR?SYSTEM_INIT?INIT
            CODE    0C68H     001CH     UNIT         ?PR?SEG_RESET?MAIN
            CODE    0C84H     001CH     UNIT         ?PR?_WRITE_DS1302?DS1302
            CODE    0CA0H     001AH     UNIT         ?PR?_I2C_DELAY?IIC
            CODE    0CBAH     0015H     UNIT         ?PR?TIMER1_INIT?MAIN
            CODE    0CCFH     0015H     UNIT         ?PR?I2CWAITACK?IIC
            CODE    0CE4H     0014H     UNIT         ?PR?_WRITE_DS1302_BYTE?DS1302
            CODE    0CF8H     0013H     UNIT         ?PR?TIMER0_INIT?MAIN
            CODE    0D0BH     000FH     UNIT         ?PR?I2CSTART?IIC
            CODE    0D1AH     000CH     UNIT         ?PR?I2CSTOP?IIC



OVERLAY MAP OF MODULE:   .\Objects\test14 (MAIN)


SEGMENT                                  BIT_GROUP          DATA_GROUP 
  +--> CALLED SEGMENT                 START    LENGTH     START    LENGTH
-------------------------------------------------------------------------
?PR?TIMER1_ISR?MAIN                   -----    -----      -----    -----
  +--> ?PR?_SEG_DISP?SEG
  +--> ?PR?_LED_DISP?LED

?PR?_LED_DISP?LED                     0020H.6  0000H.1    -----    -----

*** NEW ROOT ***************************************************

?C_C51STARTUP                         -----    -----      -----    -----
  +--> ?PR?MAIN?MAIN
  +--> ?C_INITSEG

?PR?MAIN?MAIN                         -----    -----      -----    -----
  +--> ?PR?SYSTEM_INIT?INIT
  +--> ?PR?TIMER0_INIT?MAIN
  +--> ?PR?TIMER1_INIT?MAIN
  +--> ?PR?_SET_RTC?DS1302
  +--> ?PR?KEY_PORC?MAIN
  +--> ?PR?SEG_PORC?MAIN
BL51 BANKED LINKER/LOCATER V6.22.2.0                                                  02/16/2024  10:32:53  PAGE 3


  +--> ?PR?LED_PORC?MAIN

?PR?_SET_RTC?DS1302                   -----    -----      0008H    0003H
  +--> ?PR?_WRITE_DS1302_BYTE?DS1302

?PR?_WRITE_DS1302_BYTE?DS1302         -----    -----      -----    -----
  +--> ?PR?_WRITE_DS1302?DS1302

?PR?KEY_PORC?MAIN                     -----    -----      -----    -----
  +--> ?PR?KEY_READ?KEY
  +--> ?PR?SEG_RESET?MAIN
  +--> ?PR?CLEAR_DATA?MAIN

?PR?SEG_PORC?MAIN                     -----    -----      0008H    0002H
  +--> ?PR?_AD_READ?IIC
  +--> ?PR?RD_TEMPERATURE?ONEWIRE
  +--> ?PR?RD_HUMIDITY?MAIN
  +--> ?PR?_READ_RTC?DS1302

?PR?_AD_READ?IIC                      -----    -----      -----    -----
  +--> ?PR?I2CSTART?IIC
  +--> ?PR?I2CWAITACK?IIC
  +--> ?PR?_I2CSENDBYTE?IIC
  +--> ?PR?I2CRECEIVEBYTE?IIC
  +--> ?PR?_I2CSENDACK?IIC
  +--> ?PR?I2CSTOP?IIC

?PR?I2CSTART?IIC                      -----    -----      -----    -----
  +--> ?PR?_I2C_DELAY?IIC

?PR?I2CWAITACK?IIC                    -----    -----      -----    -----
  +--> ?PR?_I2CSENDBYTE?IIC
  +--> ?PR?_I2C_DELAY?IIC

?PR?_I2CSENDBYTE?IIC                  -----    -----      -----    -----
  +--> ?PR?_I2C_DELAY?IIC

?PR?I2CRECEIVEBYTE?IIC                -----    -----      -----    -----
  +--> ?PR?_I2C_DELAY?IIC

?PR?_I2CSENDACK?IIC                   -----    -----      -----    -----
  +--> ?PR?_I2C_DELAY?IIC

?PR?I2CSTOP?IIC                       -----    -----      -----    -----
  +--> ?PR?_I2C_DELAY?IIC

?PR?RD_TEMPERATURE?ONEWIRE            -----    -----      -----    -----
  +--> ?PR?INIT_DS18B20?ONEWIRE
  +--> ?PR?_WRITE_DS18B20?ONEWIRE
  +--> ?PR?READ_DS18B20?ONEWIRE

?PR?INIT_DS18B20?ONEWIRE              0020H.7  0000H.1    -----    -----
  +--> ?PR?_DELAY_ONEWIRE?ONEWIRE

?PR?_WRITE_DS18B20?ONEWIRE            -----    -----      -----    -----
  +--> ?PR?_DELAY_ONEWIRE?ONEWIRE

BL51 BANKED LINKER/LOCATER V6.22.2.0                                                  02/16/2024  10:32:53  PAGE 4


?PR?READ_DS18B20?ONEWIRE              -----    -----      -----    -----
  +--> ?PR?_DELAY_ONEWIRE?ONEWIRE

?PR?_READ_RTC?DS1302                  -----    -----      000AH    0003H
  +--> ?PR?_READ_DS1302_BYTE?DS1302

?PR?_READ_DS1302_BYTE?DS1302          -----    -----      -----    -----
  +--> ?PR?_WRITE_DS1302?DS1302



SYMBOL TABLE OF MODULE:  .\Objects\test14 (MAIN)

  VALUE           TYPE          NAME
  ----------------------------------

  -------         MODULE        MAIN
  C:0000H         SYMBOL        _ICE_DUMMY_
  D:0080H         PUBLIC        P0
  D:0090H         PUBLIC        P1
  D:0025H         PUBLIC        aver_temperature_10x
  D:00A0H         PUBLIC        P2
  D:00B0H         PUBLIC        P3
  D:0027H         PUBLIC        re_show_mode
  D:0028H         PUBLIC        ucRtc
  D:00C0H         PUBLIC        P4
  C:0628H         PUBLIC        Timer1_ISR
  D:002BH         PUBLIC        time_100ms
  D:00C8H         PUBLIC        P5
  D:002CH         PUBLIC        trigger_count
  B:00A8H.7       PUBLIC        EA
  D:00E8H         PUBLIC        P6
  C:0C68H         PUBLIC        Seg_Reset
  D:00F8H         PUBLIC        P7
  D:002DH         PUBLIC        trigger_time
  C:0920H         PUBLIC        Led_Porc
  D:0030H         PUBLIC        Seg_Point
  D:00A8H         PUBLIC        IE
  B:0020H.0       PUBLIC        Led_light_flag
  D:0038H         PUBLIC        old_temperature_10x
  C:0347H         PUBLIC        Seg_Porc
  D:00B8H         PUBLIC        IP
  D:003AH         PUBLIC        max_humidity
  D:003BH         PUBLIC        Seg_Buf
  C:0722H         PUBLIC        Key_Porc
  D:0043H         PUBLIC        Seg_Slow_Down
  D:00D8H         PUBLIC        CCON
  C:0C2EH         PUBLIC        main
  B:0020H.1       PUBLIC        wring_flag
  C:0966H         PUBLIC        rd_humidity
  C:0CF8H         PUBLIC        Timer0_Init
  C:0CBAH         PUBLIC        Timer1_Init
  D:0045H         PUBLIC        Key_Slow_Down
  D:0046H         PUBLIC        freq
  D:0048H         PUBLIC        Seg_Pos
  D:0098H         PUBLIC        SCON
  D:0089H         PUBLIC        TMOD
BL51 BANKED LINKER/LOCATER V6.22.2.0                                                  02/16/2024  10:32:53  PAGE 5


  D:0088H         PUBLIC        TCON
  D:0049H         PUBLIC        time_1s
  D:004BH         PUBLIC        time_2s
  D:004DH         PUBLIC        time_3s
  D:004FH         PUBLIC        old_light_value
  D:0050H         PUBLIC        para_temperature
  D:0051H         PUBLIC        aver_humidity_10x
  B:0020H.2       PUBLIC        long_press_flag
  D:008EH         PUBLIC        AUXR
  C:0BC9H         PUBLIC        Clear_Data
  B:0088H.5       PUBLIC        TF0
  B:00A8H.3       PUBLIC        ET1
  B:0088H.7       PUBLIC        TF1
  D:0053H         PUBLIC        Seg_show_mode
  D:008CH         PUBLIC        TH0
  D:008DH         PUBLIC        TH1
  D:0054H         PUBLIC        old_humidity_10x
  D:008AH         PUBLIC        TL0
  D:008BH         PUBLIC        TL1
  B:0088H.4       PUBLIC        TR0
  B:0088H.6       PUBLIC        TR1
  D:0056H         PUBLIC        max_temperature
  B:0020H.3       PUBLIC        data_up
  D:0057H         PUBLIC        ucLed
  B:0020H.4       PUBLIC        trigger_flag
  D:00D0H         PUBLIC        PSW
  B:0020H.5       PUBLIC        error_humidity_flag
  -------         PROC          CLEAR_DATA
  -------         DO            
  D:0007H         SYMBOL        i
  -------         ENDDO         
  C:0BC9H         LINE#         48
  C:0BC9H         LINE#         49
  C:0BC9H         LINE#         51
  C:0BCCH         LINE#         52
  C:0BD0H         LINE#         53
  C:0BD2H         LINE#         54
  C:0BD6H         LINE#         55
  C:0BD8H         LINE#         56
  C:0BE3H         LINE#         57
  C:0BECH         LINE#         58
  -------         ENDPROC       CLEAR_DATA
  -------         PROC          SEG_RESET
  -------         DO            
  D:0007H         SYMBOL        i
  -------         ENDDO         
  C:0C68H         LINE#         60
  C:0C68H         LINE#         61
  C:0C68H         LINE#         63
  C:0C74H         LINE#         64
  C:0C74H         LINE#         65
  C:0C7AH         LINE#         66
  C:0C80H         LINE#         67
  C:0C83H         LINE#         68
  -------         ENDPROC       SEG_RESET
  -------         PROC          RD_HUMIDITY
  -------         DO            
BL51 BANKED LINKER/LOCATER V6.22.2.0                                                  02/16/2024  10:32:53  PAGE 6


  D:0004H         SYMBOL        humidity_value
  -------         ENDDO         
  C:0966H         LINE#         70
  C:0966H         LINE#         71
  C:0966H         LINE#         73
  C:097CH         LINE#         74
  C:0982H         LINE#         75
  C:09A5H         LINE#         76
  C:09A5H         LINE#         77
  -------         ENDPROC       RD_HUMIDITY
  -------         PROC          KEY_PORC
  -------         DO            
  D:0021H         SYMBOL        Key_Val
  D:0022H         SYMBOL        Key_Down
  D:0023H         SYMBOL        Key_Old
  D:0024H         SYMBOL        Key_Up
  -------         ENDDO         
  C:0722H         LINE#         80
  C:0722H         LINE#         81
  C:0722H         LINE#         83
  C:0729H         LINE#         85
  C:072CH         LINE#         87
  C:0731H         LINE#         88
  C:073AH         LINE#         89
  C:0740H         LINE#         90
  C:0743H         LINE#         92
  C:0749H         LINE#         93
  C:0749H         LINE#         94
  C:074CH         LINE#         95
  C:0757H         LINE#         96
  C:075AH         LINE#         97
  C:075AH         LINE#         98
  C:0766H         LINE#         99
  C:0766H         LINE#         100
  C:0769H         LINE#         101
  C:0774H         LINE#         102
  C:0774H         LINE#         103
  C:077DH         LINE#         104
  C:077DH         LINE#         105
  C:0785H         LINE#         106
  C:079CH         LINE#         107
  C:07A2H         LINE#         108
  C:07B3H         LINE#         109
  C:07B3H         LINE#         110
  C:07B7H         LINE#         111
  C:07B7H         LINE#         112
  C:07BDH         LINE#         113
  C:07BDH         LINE#         114
  C:07BFH         LINE#         115
  C:07BFH         LINE#         116
  C:07C5H         LINE#         117
  C:07C5H         LINE#         118
  C:07D0H         LINE#         119
  C:07D3H         LINE#         120
  C:07D5H         LINE#         121
  C:07D5H         LINE#         122
  C:07D5H         LINE#         123
BL51 BANKED LINKER/LOCATER V6.22.2.0                                                  02/16/2024  10:32:53  PAGE 7


  -------         ENDPROC       KEY_PORC
  -------         PROC          SEG_PORC
  -------         DO            
  D:0008H         SYMBOL        temp_temperature_10x
  D:0002H         SYMBOL        temp_humidity_10x
  D:0007H         SYMBOL        temp_light
  -------         ENDDO         
  C:0347H         LINE#         126
  C:0347H         LINE#         127
  C:0347H         LINE#         130
  C:0350H         LINE#         132
  C:0355H         LINE#         133
  C:035AH         LINE#         135
  C:0371H         LINE#         138
  C:0375H         LINE#         141
  C:0383H         LINE#         142
  C:0385H         LINE#         143
  C:0387H         LINE#         144
  C:038DH         LINE#         145
  C:038DH         LINE#         146
  C:0393H         LINE#         147
  C:0396H         LINE#         149
  C:0399H         LINE#         150
  C:03ADH         LINE#         151
  C:03C1H         LINE#         152
  C:03D5H         LINE#         153
  C:03E2H         LINE#         154
  C:03E5H         LINE#         156
  C:03E9H         LINE#         157
  C:03E9H         LINE#         158
  C:03EBH         LINE#         159
  C:03EEH         LINE#         160
  C:03F1H         LINE#         161
  C:03F2H         LINE#         164
  C:03F2H         LINE#         165
  C:03F4H         LINE#         166
  C:040BH         LINE#         167
  C:042AH         LINE#         170
  C:042EH         LINE#         172
  C:0430H         LINE#         173
  C:0434H         LINE#         174
  C:043AH         LINE#         175
  C:044EH         LINE#         176
  C:045BH         LINE#         177
  C:0463H         LINE#         178
  C:0466H         LINE#         179
  C:0478H         LINE#         180
  C:0488H         LINE#         181
  C:04ABH         LINE#         182
  C:04CCH         LINE#         183
  C:04CCH         LINE#         184
  C:04CDH         LINE#         186
  C:04CDH         LINE#         187
  C:04DFH         LINE#         188
  C:04DFH         LINE#         189
  C:04DFH         LINE#         191
  C:04E8H         LINE#         192
BL51 BANKED LINKER/LOCATER V6.22.2.0                                                  02/16/2024  10:32:53  PAGE 8


  C:04EFH         LINE#         193
  C:04F5H         LINE#         194
  C:04F8H         LINE#         195
  C:04FFH         LINE#         196
  C:0505H         LINE#         197
  C:0508H         LINE#         198
  C:050FH         LINE#         199
  C:0511H         LINE#         200
  C:0514H         LINE#         201
  C:0514H         LINE#         203
  C:0526H         LINE#         204
  C:0526H         LINE#         205
  C:0526H         LINE#         207
  C:0529H         LINE#         208
  C:0530H         LINE#         209
  C:0530H         LINE#         210
  C:053DH         LINE#         211
  C:0546H         LINE#         212
  C:0549H         LINE#         213
  C:055DH         LINE#         214
  C:0571H         LINE#         215
  C:0575H         LINE#         216
  C:0575H         LINE#         217
  C:0575H         LINE#         218
  C:0577H         LINE#         219
  C:0577H         LINE#         221
  C:057AH         LINE#         222
  C:0581H         LINE#         223
  C:0581H         LINE#         224
  C:058EH         LINE#         225
  C:0597H         LINE#         226
  C:059AH         LINE#         227
  C:05AEH         LINE#         228
  C:05C2H         LINE#         229
  C:05CFH         LINE#         230
  C:05D2H         LINE#         231
  C:05D2H         LINE#         232
  C:05D3H         LINE#         233
  C:05D3H         LINE#         235
  C:05D6H         LINE#         236
  C:05E3H         LINE#         237
  C:05ECH         LINE#         238
  C:05F0H         LINE#         239
  C:05F0H         LINE#         240
  C:05F7H         LINE#         241
  C:05FDH         LINE#         242
  C:0600H         LINE#         243
  C:0607H         LINE#         244
  C:060DH         LINE#         245
  C:060DH         LINE#         246
  C:060EH         LINE#         247
  C:060EH         LINE#         248
  C:060EH         LINE#         249
  C:060EH         LINE#         251
  C:0611H         LINE#         252
  C:061EH         LINE#         253
  C:0627H         LINE#         254
BL51 BANKED LINKER/LOCATER V6.22.2.0                                                  02/16/2024  10:32:53  PAGE 9


  C:0627H         LINE#         255
  C:0627H         LINE#         256
  C:0627H         LINE#         257
  -------         ENDPROC       SEG_PORC
  -------         PROC          LED_PORC
  C:0920H         LINE#         260
  C:0920H         LINE#         261
  C:0920H         LINE#         263
  C:092FH         LINE#         264
  C:093DH         LINE#         265
  C:094BH         LINE#         267
  C:0959H         LINE#         268
  C:095FH         LINE#         269
  C:0965H         LINE#         270
  -------         ENDPROC       LED_PORC
  -------         PROC          TIMER0_INIT
  C:0CF8H         LINE#         274
  C:0CF8H         LINE#         275
  C:0CF8H         LINE#         276
  C:0CFBH         LINE#         277
  C:0CFEH         LINE#         278
  C:0D01H         LINE#         279
  C:0D04H         LINE#         280
  C:0D06H         LINE#         281
  C:0D08H         LINE#         282
  C:0D0AH         LINE#         283
  -------         ENDPROC       TIMER0_INIT
  -------         PROC          TIMER1_INIT
  C:0CBAH         LINE#         285
  C:0CBAH         LINE#         286
  C:0CBAH         LINE#         287
  C:0CBDH         LINE#         288
  C:0CC0H         LINE#         289
  C:0CC3H         LINE#         290
  C:0CC6H         LINE#         291
  C:0CC8H         LINE#         292
  C:0CCAH         LINE#         293
  C:0CCCH         LINE#         294
  C:0CCEH         LINE#         295
  -------         ENDPROC       TIMER1_INIT
  -------         PROC          TIMER1_ISR
  C:0628H         LINE#         297
  C:0645H         LINE#         299
  C:064DH         LINE#         300
  C:064FH         LINE#         301
  C:065DH         LINE#         302
  C:0661H         LINE#         303
  C:0669H         LINE#         304
  C:066BH         LINE#         305
  C:067CH         LINE#         306
  C:067CH         LINE#         307
  C:0682H         LINE#         308
  C:068CH         LINE#         309
  C:068FH         LINE#         310
  C:0692H         LINE#         311
  C:0692H         LINE#         312
  C:0695H         LINE#         313
BL51 BANKED LINKER/LOCATER V6.22.2.0                                                  02/16/2024  10:32:53  PAGE 10


  C:0695H         LINE#         314
  C:06A6H         LINE#         315
  C:06A6H         LINE#         316
  C:06ACH         LINE#         317
  C:06ACH         LINE#         318
  C:06AEH         LINE#         320
  C:06B4H         LINE#         322
  C:06B7H         LINE#         323
  C:06B7H         LINE#         324
  C:06C8H         LINE#         325
  C:06C8H         LINE#         326
  C:06CEH         LINE#         327
  C:06CEH         LINE#         328
  C:06D0H         LINE#         330
  C:06D6H         LINE#         333
  C:06DEH         LINE#         334
  C:06DEH         LINE#         335
  C:06E0H         LINE#         336
  C:06E5H         LINE#         337
  C:06E5H         LINE#         339
  C:06F8H         LINE#         340
  C:0707H         LINE#         341
  -------         ENDPROC       TIMER1_ISR
  -------         PROC          MAIN
  C:0C2EH         LINE#         343
  C:0C2EH         LINE#         344
  C:0C2EH         LINE#         345
  C:0C31H         LINE#         346
  C:0C34H         LINE#         347
  C:0C37H         LINE#         348
  C:0C40H         LINE#         349
  C:0C40H         LINE#         350
  C:0C40H         LINE#         351
  C:0C43H         LINE#         352
  C:0C46H         LINE#         353
  C:0C49H         LINE#         354
  -------         ENDPROC       MAIN
  -------         ENDMOD        MAIN

  -------         MODULE        KEY
  C:0000H         SYMBOL        _ICE_DUMMY_
  D:0080H         PUBLIC        P0
  D:0090H         PUBLIC        P1
  D:00A0H         PUBLIC        P2
  D:00B0H         PUBLIC        P3
  D:00C0H         PUBLIC        P4
  D:00C8H         PUBLIC        P5
  D:00E8H         PUBLIC        P6
  D:00F8H         PUBLIC        P7
  C:0862H         PUBLIC        Key_Read
  D:00A8H         PUBLIC        IE
  D:00B8H         PUBLIC        IP
  D:00D8H         PUBLIC        CCON
  B:00B0H.0       PUBLIC        P30
  D:0098H         PUBLIC        SCON
  B:00B0H.1       PUBLIC        P31
  D:0088H         PUBLIC        TCON
BL51 BANKED LINKER/LOCATER V6.22.2.0                                                  02/16/2024  10:32:53  PAGE 11


  B:00B0H.2       PUBLIC        P32
  B:00C0H.2       PUBLIC        P42
  B:00B0H.3       PUBLIC        P33
  B:00B0H.4       PUBLIC        P34
  B:00C0H.4       PUBLIC        P44
  B:00B0H.5       PUBLIC        P35
  D:00D0H         PUBLIC        PSW
  -------         PROC          KEY_READ
  -------         DO            
  D:0007H         SYMBOL        temp
  -------         ENDDO         
  C:0862H         LINE#         3
  C:0862H         LINE#         4
  C:0862H         LINE#         5
  C:0864H         LINE#         6
  C:0866H         LINE#         7
  C:0868H         LINE#         8
  C:086AH         LINE#         9
  C:086CH         LINE#         10
  C:086FH         LINE#         11
  C:0871H         LINE#         12
  C:0874H         LINE#         13
  C:0876H         LINE#         14
  C:0879H         LINE#         15
  C:087BH         LINE#         16
  C:087EH         LINE#         17
  C:0880H         LINE#         18
  C:0882H         LINE#         19
  C:0884H         LINE#         20
  C:0886H         LINE#         21
  C:0888H         LINE#         22
  C:088BH         LINE#         23
  C:088DH         LINE#         24
  C:0890H         LINE#         25
  C:0892H         LINE#         26
  C:0895H         LINE#         27
  C:0897H         LINE#         28
  C:089AH         LINE#         29
  C:089CH         LINE#         30
  C:089EH         LINE#         31
  C:08A0H         LINE#         32
  C:08A2H         LINE#         33
  C:08A4H         LINE#         34
  C:08A7H         LINE#         35
  C:08A9H         LINE#         36
  C:08ACH         LINE#         37
  C:08AEH         LINE#         38
  C:08B1H         LINE#         39
  C:08B3H         LINE#         40
  C:08B6H         LINE#         41
  C:08B8H         LINE#         42
  C:08BAH         LINE#         43
  C:08BCH         LINE#         44
  C:08BEH         LINE#         45
  C:08C0H         LINE#         46
  C:08C3H         LINE#         47
  C:08C5H         LINE#         48
BL51 BANKED LINKER/LOCATER V6.22.2.0                                                  02/16/2024  10:32:53  PAGE 12


  C:08C8H         LINE#         49
  C:08CAH         LINE#         50
  C:08CDH         LINE#         51
  C:08CFH         LINE#         52
  C:08D2H         LINE#         53
  C:08D4H         LINE#         54
  C:08D4H         LINE#         55
  -------         ENDPROC       KEY_READ
  -------         ENDMOD        KEY

  -------         MODULE        DS1302
  C:0000H         SYMBOL        _ICE_DUMMY_
  D:0090H         PUBLIC        P1
  D:00A0H         PUBLIC        P2
  D:00B0H         PUBLIC        P3
  C:0AFAH         PUBLIC        _Read_Rtc
  D:00A8H         PUBLIC        IE
  D:00B8H         PUBLIC        IP
  D:0098H         PUBLIC        SCON
  D:0088H         PUBLIC        TCON
  C:09A6H         PUBLIC        _Set_Rtc
  C:09E4H         PUBLIC        _Read_Ds1302_Byte
  B:00A0H.3       PUBLIC        SDA
  B:0090H.7       PUBLIC        SCK
  C:0CE4H         PUBLIC        _Write_Ds1302_Byte
  D:00C8H         PUBLIC        T2CON
  C:0C84H         PUBLIC        _Write_Ds1302
  B:0090H.3       PUBLIC        RST
  D:00D0H         PUBLIC        PSW
  -------         PROC          _WRITE_DS1302
  D:0007H         SYMBOL        temp
  -------         DO            
  D:0006H         SYMBOL        i
  -------         ENDDO         
  C:0C84H         LINE#         14
  C:0C84H         LINE#         15
  C:0C84H         LINE#         17
  C:0C90H         LINE#         18
  C:0C90H         LINE#         19
  C:0C92H         LINE#         20
  C:0C96H         LINE#         21
  C:0C9AH         LINE#         22
  C:0C9CH         LINE#         23
  C:0C9FH         LINE#         24
  -------         ENDPROC       _WRITE_DS1302
  -------         PROC          _WRITE_DS1302_BYTE
  D:0007H         SYMBOL        address
  D:0005H         SYMBOL        dat
  C:0CE4H         LINE#         27
  C:0CE4H         LINE#         28
  C:0CE4H         LINE#         29
  C:0CE6H         LINE#         30
  C:0CE7H         LINE#         31
  C:0CE9H         LINE#         32
  C:0CEAH         LINE#         33
  C:0CECH         LINE#         34
  C:0CEDH         LINE#         35
BL51 BANKED LINKER/LOCATER V6.22.2.0                                                  02/16/2024  10:32:53  PAGE 13


  C:0CF0H         LINE#         36
  C:0CF5H         LINE#         37
  C:0CF7H         LINE#         38
  -------         ENDPROC       _WRITE_DS1302_BYTE
  -------         PROC          _READ_DS1302_BYTE
  D:0007H         SYMBOL        address
  -------         DO            
  D:0007H         SYMBOL        i
  D:0005H         SYMBOL        temp
  -------         ENDDO         
  C:09E4H         LINE#         41
  C:09E4H         LINE#         42
  C:09E4H         LINE#         43
  C:09E6H         LINE#         44
  C:09E8H         LINE#         45
  C:09E9H         LINE#         46
  C:09EBH         LINE#         47
  C:09ECH         LINE#         48
  C:09EEH         LINE#         49
  C:09EFH         LINE#         50
  C:09F2H         LINE#         51
  C:09FEH         LINE#         52
  C:09FEH         LINE#         53
  C:0A00H         LINE#         54
  C:0A04H         LINE#         55
  C:0A07H         LINE#         56
  C:0A0AH         LINE#         57
  C:0A0CH         LINE#         58
  C:0A0FH         LINE#         59
  C:0A11H         LINE#         60
  C:0A12H         LINE#         61
  C:0A14H         LINE#         62
  C:0A15H         LINE#         63
  C:0A17H         LINE#         64
  C:0A18H         LINE#         65
  C:0A1AH         LINE#         66
  C:0A1BH         LINE#         67
  C:0A1DH         LINE#         68
  C:0A1EH         LINE#         69
  C:0A20H         LINE#         70
  -------         ENDPROC       _READ_DS1302_BYTE
  -------         PROC          _SET_RTC
  D:0008H         SYMBOL        ucRtc
  -------         DO            
  D:0004H         SYMBOL        i
  -------         ENDDO         
  C:09A6H         LINE#         72
  C:09ACH         LINE#         73
  C:09ACH         LINE#         75
  C:09B3H         LINE#         76
  C:09BFH         LINE#         77
  C:09BFH         LINE#         78
  C:09DAH         LINE#         79
  C:09DDH         LINE#         80
  -------         ENDPROC       _SET_RTC
  -------         PROC          _READ_RTC
  D:000AH         SYMBOL        ucRtc
BL51 BANKED LINKER/LOCATER V6.22.2.0                                                  02/16/2024  10:32:53  PAGE 14


  -------         DO            
  D:0004H         SYMBOL        i
  -------         ENDDO         
  C:0AFAH         LINE#         83
  C:0B00H         LINE#         84
  C:0B00H         LINE#         86
  C:0B0CH         LINE#         87
  C:0B0CH         LINE#         88
  C:0B27H         LINE#         89
  C:0B2AH         LINE#         90
  -------         ENDPROC       _READ_RTC
  -------         ENDMOD        DS1302

  -------         MODULE        IIC
  C:0000H         SYMBOL        _ICE_DUMMY_
  D:0080H         PUBLIC        P0
  D:0090H         PUBLIC        P1
  D:00A0H         PUBLIC        P2
  D:00B0H         PUBLIC        P3
  C:0B2BH         PUBLIC        _Ad_Read
  D:00C0H         PUBLIC        P4
  D:00C8H         PUBLIC        P5
  D:00E8H         PUBLIC        P6
  D:00F8H         PUBLIC        P7
  D:00A8H         PUBLIC        IE
  C:0CA4H         SYMBOL        _I2C_Delay
  D:00B8H         PUBLIC        IP
  C:0BA3H         PUBLIC        I2CReceiveByte
  D:00D8H         PUBLIC        CCON
  D:0098H         PUBLIC        SCON
  D:0088H         PUBLIC        TCON
  B:00A0H.1       PUBLIC        sda
  B:00A0H.0       PUBLIC        scl
  C:0D0BH         PUBLIC        I2CStart
  C:0003H         PUBLIC        _I2CSendAck
  C:0A91H         PUBLIC        _I2CSendByte
  C:0CD2H         PUBLIC        I2CWaitAck
  C:0D1AH         PUBLIC        I2CStop
  D:00D0H         PUBLIC        PSW
  C:0CA0H         SYMBOL        L?0022
  -------         PROC          L?0021
  -------         ENDPROC       L?0021
  C:0CA0H         SYMBOL        L?0022
  -------         PROC          _I2C_DELAY
  D:0007H         SYMBOL        n
  C:0CA4H         LINE#         12
  C:0CA4H         LINE#         13
  C:0CA4H         LINE#         15
  C:0CA4H         LINE#         16
  C:0CA5H         LINE#         17
  C:0CA6H         LINE#         18
  C:0CA7H         LINE#         19
  C:0CA8H         LINE#         20
  C:0CA9H         LINE#         21
  C:0CAAH         LINE#         22
  C:0CABH         LINE#         23
  C:0CACH         LINE#         24
BL51 BANKED LINKER/LOCATER V6.22.2.0                                                  02/16/2024  10:32:53  PAGE 15


  C:0CADH         LINE#         25
  C:0CAEH         LINE#         26
  C:0CAFH         LINE#         27
  C:0CB0H         LINE#         28
  C:0CB1H         LINE#         29
  C:0CB2H         LINE#         30
  C:0CB3H         LINE#         31
  C:0CB9H         LINE#         32
  -------         ENDPROC       _I2C_DELAY
  -------         PROC          I2CSTART
  C:0D0BH         LINE#         35
  C:0D0BH         LINE#         36
  C:0D0BH         LINE#         37
  C:0D0DH         LINE#         38
  C:0D0DH         LINE#         39
  C:0D10H         LINE#         40
  C:0D12H         LINE#         41
  C:0D17H         LINE#         42
  C:0D19H         LINE#         43
  -------         ENDPROC       I2CSTART
  -------         PROC          I2CSTOP
  C:0D1AH         LINE#         46
  C:0D1AH         LINE#         47
  C:0D1AH         LINE#         48
  C:0D1CH         LINE#         49
  C:0D1CH         LINE#         50
  C:0D1FH         LINE#         51
  C:0D21H         LINE#         52
  -------         ENDPROC       I2CSTOP
  -------         PROC          _I2CSENDBYTE
  D:0005H         SYMBOL        byt
  -------         DO            
  D:0004H         SYMBOL        i
  -------         ENDDO         
  C:0A91H         LINE#         56
  C:0A93H         LINE#         57
  C:0A93H         LINE#         60
  C:0A9FH         LINE#         61
  C:0A9FH         LINE#         62
  C:0AA1H         LINE#         63
  C:0AA6H         LINE#         64
  C:0AAAH         LINE#         65
  C:0AAAH         LINE#         66
  C:0AACH         LINE#         67
  C:0AAEH         LINE#         69
  C:0AAEH         LINE#         70
  C:0AB0H         LINE#         71
  C:0AB0H         LINE#         72
  C:0AB5H         LINE#         73
  C:0AB7H         LINE#         74
  C:0ABBH         LINE#         75
  C:0AC0H         LINE#         76
  C:0AC3H         LINE#         78
  C:0AC5H         LINE#         79
  -------         ENDPROC       _I2CSENDBYTE
  -------         PROC          I2CRECEIVEBYTE
  -------         DO            
BL51 BANKED LINKER/LOCATER V6.22.2.0                                                  02/16/2024  10:32:53  PAGE 16


  D:0005H         SYMBOL        da
  D:0004H         SYMBOL        i
  -------         ENDDO         
  C:0BA3H         LINE#         82
  C:0BA3H         LINE#         83
  C:0BA3H         LINE#         86
  C:0BAFH         LINE#         87
  C:0BAFH         LINE#         88
  C:0BAFH         LINE#         89
  C:0BB2H         LINE#         90
  C:0BB6H         LINE#         91
  C:0BB9H         LINE#         92
  C:0BBCH         LINE#         93
  C:0BBEH         LINE#         94
  C:0BC3H         LINE#         95
  C:0BC6H         LINE#         96
  C:0BC8H         LINE#         97
  -------         ENDPROC       I2CRECEIVEBYTE
  -------         PROC          L?0023
  -------         ENDPROC       L?0023
  -------         PROC          I2CWAITACK
  -------         DO            
  D:0005H         SYMBOL        ackbit
  -------         ENDDO         
  C:0CD2H         LINE#         100
  C:0CD2H         LINE#         101
  C:0CD2H         LINE#         104
  C:0CD2H         LINE#         105
  C:0CD5H         LINE#         106
  C:0CDAH         LINE#         107
  C:0CDCH         LINE#         108
  C:0CE1H         LINE#         110
  C:0CE3H         LINE#         111
  -------         ENDPROC       I2CWAITACK
  -------         PROC          _I2CSENDACK
  D:0007H         SYMBOL        ackbit
  C:0003H         LINE#         114
  C:0003H         LINE#         115
  C:0003H         LINE#         116
  C:0005H         LINE#         117
  C:000AH         LINE#         118
  C:000FH         LINE#         119
  C:000FH         LINE#         120
  C:0012H         LINE#         121
  C:0014H         LINE#         122
  C:0016H         LINE#         123
  -------         ENDPROC       _I2CSENDACK
  -------         PROC          _AD_READ
  D:0003H         SYMBOL        addr
  -------         DO            
  D:0005H         SYMBOL        temp
  -------         ENDDO         
  C:0B2BH         LINE#         126
  C:0B2DH         LINE#         127
  C:0B2DH         LINE#         130
  C:0B30H         LINE#         131
  C:0B32H         LINE#         132
BL51 BANKED LINKER/LOCATER V6.22.2.0                                                  02/16/2024  10:32:53  PAGE 17


  C:0B35H         LINE#         133
  C:0B37H         LINE#         134
  C:0B3AH         LINE#         136
  C:0B3DH         LINE#         137
  C:0B42H         LINE#         138
  C:0B45H         LINE#         139
  C:0B4AH         LINE#         140
  C:0B4FH         LINE#         141
  C:0B52H         LINE#         142
  C:0B54H         LINE#         143
  -------         ENDPROC       _AD_READ
  -------         ENDMOD        IIC

  -------         MODULE        INIT
  C:0000H         SYMBOL        _ICE_DUMMY_
  C:0C4BH         PUBLIC        System_Init
  D:0080H         PUBLIC        P0
  D:0090H         PUBLIC        P1
  D:00A0H         PUBLIC        P2
  D:00B0H         PUBLIC        P3
  D:00C0H         PUBLIC        P4
  D:00C8H         PUBLIC        P5
  D:00E8H         PUBLIC        P6
  D:00F8H         PUBLIC        P7
  D:00A8H         PUBLIC        IE
  D:00B8H         PUBLIC        IP
  D:00D8H         PUBLIC        CCON
  D:0098H         PUBLIC        SCON
  D:0088H         PUBLIC        TCON
  D:00D0H         PUBLIC        PSW
  -------         PROC          SYSTEM_INIT
  C:0C4BH         LINE#         2
  C:0C4BH         LINE#         3
  C:0C4BH         LINE#         4
  C:0C4EH         LINE#         5
  C:0C56H         LINE#         6
  C:0C59H         LINE#         8
  C:0C5CH         LINE#         9
  C:0C64H         LINE#         10
  C:0C67H         LINE#         11
  -------         ENDPROC       SYSTEM_INIT
  -------         ENDMOD        INIT

  -------         MODULE        LED
  C:0000H         SYMBOL        _ICE_DUMMY_
  D:0080H         PUBLIC        P0
  D:0090H         PUBLIC        P1
  D:00A0H         PUBLIC        P2
  D:00B0H         PUBLIC        P3
  D:00C0H         PUBLIC        P4
  D:00C8H         PUBLIC        P5
  D:00E8H         PUBLIC        P6
  D:00F8H         PUBLIC        P7
  C:0A21H         PUBLIC        _Led_Disp
  D:00A8H         PUBLIC        IE
  D:00B8H         PUBLIC        IP
  D:00D8H         PUBLIC        CCON
BL51 BANKED LINKER/LOCATER V6.22.2.0                                                  02/16/2024  10:32:53  PAGE 18


  D:0098H         PUBLIC        SCON
  D:0088H         PUBLIC        TCON
  D:00D0H         PUBLIC        PSW
  -------         PROC          _LED_DISP
  D:0007H         SYMBOL        addr
  B:0020H.6       SYMBOL        enable
  -------         DO            
  D:000DH         SYMBOL        temp
  D:000EH         SYMBOL        temp_old
  -------         ENDDO         
  C:0A21H         LINE#         3
  C:0A21H         LINE#         4
  C:0A21H         LINE#         7
  C:0A24H         LINE#         8
  C:0A33H         LINE#         10
  C:0A41H         LINE#         12
  C:0A47H         LINE#         13
  C:0A47H         LINE#         14
  C:0A4CH         LINE#         15
  C:0A54H         LINE#         16
  C:0A57H         LINE#         17
  C:0A5AH         LINE#         18
  C:0A5AH         LINE#         19
  -------         ENDPROC       _LED_DISP
  -------         ENDMOD        LED

  -------         MODULE        ONEWIRE
  C:0000H         SYMBOL        _ICE_DUMMY_
  D:0090H         PUBLIC        P1
  D:00B0H         PUBLIC        P3
  C:0BEDH         PUBLIC        Read_DS18B20
  D:00A8H         PUBLIC        IE
  C:0C14H         PUBLIC        _Delay_OneWire
  C:0B55H         PUBLIC        _Write_DS18B20
  B:0090H.4       PUBLIC        DQ
  D:00B8H         PUBLIC        IP
  C:0B7CH         PUBLIC        init_ds18b20
  D:0098H         PUBLIC        SCON
  D:0088H         PUBLIC        TCON
  D:00C8H         PUBLIC        T2CON
  C:0AC6H         PUBLIC        rd_temperature
  D:00D0H         PUBLIC        PSW
  C:0C10H         SYMBOL        L?0020
  -------         PROC          L?0019
  -------         ENDPROC       L?0019
  C:0C10H         SYMBOL        L?0020
  -------         PROC          _DELAY_ONEWIRE
  D:0006H         SYMBOL        t
  -------         DO            
  D:0005H         SYMBOL        i
  -------         ENDDO         
  C:0C14H         LINE#         10
  C:0C14H         LINE#         11
  C:0C14H         LINE#         13
  C:0C1EH         LINE#         14
  C:0C1EH         LINE#         15
  C:0C2DH         LINE#         17
BL51 BANKED LINKER/LOCATER V6.22.2.0                                                  02/16/2024  10:32:53  PAGE 19


  C:0C2DH         LINE#         18
  -------         ENDPROC       _DELAY_ONEWIRE
  -------         PROC          _WRITE_DS18B20
  D:0001H         SYMBOL        dat
  -------         DO            
  D:0003H         SYMBOL        i
  -------         ENDDO         
  C:0B55H         LINE#         21
  C:0B57H         LINE#         22
  C:0B57H         LINE#         24
  C:0B63H         LINE#         25
  C:0B63H         LINE#         26
  C:0B65H         LINE#         27
  C:0B69H         LINE#         28
  C:0B6CH         LINE#         29
  C:0B6EH         LINE#         30
  C:0B72H         LINE#         31
  C:0B75H         LINE#         32
  -------         ENDPROC       _WRITE_DS18B20
  -------         PROC          READ_DS18B20
  -------         DO            
  D:0003H         SYMBOL        i
  D:0004H         SYMBOL        dat
  -------         ENDDO         
  C:0BEDH         LINE#         36
  C:0BEDH         LINE#         37
  C:0BEDH         LINE#         41
  C:0BF9H         LINE#         42
  C:0BF9H         LINE#         43
  C:0BFBH         LINE#         44
  C:0BFFH         LINE#         45
  C:0C01H         LINE#         46
  C:0C04H         LINE#         47
  C:0C04H         LINE#         48
  C:0C07H         LINE#         49
  C:0C07H         LINE#         50
  C:0C0AH         LINE#         51
  C:0C0DH         LINE#         52
  C:0C0FH         LINE#         53
  -------         ENDPROC       READ_DS18B20
  -------         PROC          INIT_DS18B20
  -------         DO            
  B:0020H.7       SYMBOL        initflag
  -------         ENDDO         
  C:0B7CH         LINE#         56
  C:0B7CH         LINE#         57
  C:0B7CH         LINE#         58
  C:0B7EH         LINE#         60
  C:0B80H         LINE#         61
  C:0B87H         LINE#         62
  C:0B89H         LINE#         63
  C:0B90H         LINE#         64
  C:0B92H         LINE#         65
  C:0B99H         LINE#         66
  C:0B9DH         LINE#         67
  C:0BA0H         LINE#         69
  C:0BA2H         LINE#         70
BL51 BANKED LINKER/LOCATER V6.22.2.0                                                  02/16/2024  10:32:53  PAGE 20


  -------         ENDPROC       INIT_DS18B20
  -------         PROC          RD_TEMPERATURE
  -------         DO            
  D:0001H         SYMBOL        low
  D:0007H         SYMBOL        high
  -------         ENDDO         
  C:0AC6H         LINE#         71
  C:0AC6H         LINE#         72
  C:0AC6H         LINE#         75
  C:0AC9H         LINE#         76
  C:0ACEH         LINE#         77
  C:0AD3H         LINE#         79
  C:0AD6H         LINE#         80
  C:0ADBH         LINE#         81
  C:0AE0H         LINE#         83
  C:0AE5H         LINE#         84
  C:0AE8H         LINE#         85
  -------         ENDPROC       RD_TEMPERATURE
  -------         ENDMOD        ONEWIRE

  -------         MODULE        SEG
  C:0000H         SYMBOL        _ICE_DUMMY_
  D:0080H         PUBLIC        P0
  D:0090H         PUBLIC        P1
  D:00A0H         PUBLIC        P2
  D:00B0H         PUBLIC        P3
  D:00C0H         PUBLIC        P4
  D:00C8H         PUBLIC        P5
  D:00E8H         PUBLIC        P6
  D:00F8H         PUBLIC        P7
  D:00A8H         PUBLIC        IE
  C:0A5BH         PUBLIC        _Seg_Disp
  D:00B8H         PUBLIC        IP
  D:00D8H         PUBLIC        CCON
  D:0098H         PUBLIC        SCON
  D:0088H         PUBLIC        TCON
  D:005FH         PUBLIC        seg_dula
  D:0071H         PUBLIC        seg_wela
  D:00D0H         PUBLIC        PSW
  -------         PROC          _SEG_DISP
  D:0007H         SYMBOL        wela
  D:0005H         SYMBOL        dula
  D:0003H         SYMBOL        point
  C:0A5BH         LINE#         9
  C:0A5BH         LINE#         10
  C:0A5BH         LINE#         12
  C:0A5EH         LINE#         13
  C:0A66H         LINE#         15
  C:0A6DH         LINE#         16
  C:0A75H         LINE#         17
  C:0A78H         LINE#         19
  C:0A7FH         LINE#         20
  C:0A82H         LINE#         21
  C:0A85H         LINE#         22
  C:0A8DH         LINE#         23
  C:0A90H         LINE#         24
  -------         ENDPROC       _SEG_DISP
BL51 BANKED LINKER/LOCATER V6.22.2.0                                                  02/16/2024  10:32:53  PAGE 21


  -------         ENDMOD        SEG

  -------         MODULE        ?C?FPMUL
  C:001EH         PUBLIC        ?C?FPMUL
  -------         ENDMOD        ?C?FPMUL

  -------         MODULE        ?C?FPDIV
  C:0127H         PUBLIC        ?C?FPDIV
  -------         ENDMOD        ?C?FPDIV

  -------         MODULE        ?C?FCAST
  C:01CEH         PUBLIC        ?C?FCASTC
  C:01C9H         PUBLIC        ?C?FCASTI
  C:01C4H         PUBLIC        ?C?FCASTL
  -------         ENDMOD        ?C?FCAST

  -------         MODULE        ?C?CASTF
  C:0202H         PUBLIC        ?C?CASTF
  -------         ENDMOD        ?C?CASTF

  -------         MODULE        ?C?CLDOPTR
  C:0283H         PUBLIC        ?C?CLDOPTR
  -------         ENDMOD        ?C?CLDOPTR

  -------         MODULE        ?C?CSTOPTR
  C:02B0H         PUBLIC        ?C?CSTOPTR
  -------         ENDMOD        ?C?CSTOPTR

  -------         MODULE        ?C?IMUL
  C:02D2H         PUBLIC        ?C?IMUL
  -------         ENDMOD        ?C?IMUL

  -------         MODULE        ?C?UIDIV
  C:02E4H         PUBLIC        ?C?UIDIV
  -------         ENDMOD        ?C?UIDIV

  -------         MODULE        ?C?LNEG
  C:0339H         PUBLIC        ?C?LNEG
  -------         ENDMOD        ?C?LNEG

Program Size: data=105.0 xdata=0 code=3366
LINK/LOCATE RUN COMPLETE.  0 WARNING(S),  0 ERROR(S)
