BL51 BANKED LINKER/LOCATER V6.22.2.0                                                    02/19/2024  16:19:56  PAGE 1


BL51 BANKED LINKER/LOCATER V6.22.2.0, INVOKED BY:
D:\KEIL_V5\C51\BIN\BL51.EXE .\Objects\main.obj, .\Objects\Key.obj, .\Objects\ds1302.obj, .\Objects\iic.obj, .\Objects\in
>> it.obj, .\Objects\Led.obj, .\Objects\onewire.obj, .\Objects\Seg.obj TO .\Objects\test14 PRINT (.\Listings\test14.m51)
>>  RAMSIZE (256)


MEMORY MODEL: SMALL WITH FLOATING POINT ARITHMETIC


INPUT MODULES INCLUDED:
  .\Objects\main.obj (MAIN)
  .\Objects\Key.obj (KEY)
  .\Objects\ds1302.obj (DS1302)
  .\Objects\iic.obj (IIC)
  .\Objects\init.obj (INIT)
  .\Objects\Led.obj (LED)
  .\Objects\onewire.obj (ONEWIRE)
  .\Objects\Seg.obj (SEG)
  D:\KEIL_V5\C51\LIB\C51FPS.LIB (?C?FPMUL)
  D:\KEIL_V5\C51\LIB\C51FPS.LIB (?C?FPDIV)
  D:\KEIL_V5\C51\LIB\C51FPS.LIB (?C?FCAST)
  D:\KEIL_V5\C51\LIB\C51FPS.LIB (?C?CASTF)
  D:\KEIL_V5\C51\LIB\C51FPS.LIB (?C?FPGETOPN)
  D:\KEIL_V5\C51\LIB\C51S.LIB (?C_STARTUP)
  D:\KEIL_V5\C51\LIB\C51S.LIB (?C?CLDOPTR)
  D:\KEIL_V5\C51\LIB\C51S.LIB (?C?CSTOPTR)
  D:\KEIL_V5\C51\LIB\C51S.LIB (?C?IMUL)
  D:\KEIL_V5\C51\LIB\C51S.LIB (?C?UIDIV)
  D:\KEIL_V5\C51\LIB\C51S.LIB (?C?LNEG)
  D:\KEIL_V5\C51\LIB\C51S.LIB (?C_INIT)


LINK MAP OF MODULE:  .\Objects\test14 (MAIN)


            TYPE    BASE      LENGTH    RELOCATION   SEGMENT NAME
            -----------------------------------------------------

            * * * * * * *   D A T A   M E M O R Y   * * * * * * *
            REG     0000H     0008H     ABSOLUTE     "REG BANK 0"
            DATA    0008H     0005H     UNIT         _DATA_GROUP_
            DATA    000DH     0002H     UNIT         ?DT?LED
                    000FH     0011H                  *** GAP ***
            BIT     0020H.0   0000H.6   UNIT         ?BI?MAIN
            BIT     0020H.6   0000H.2   UNIT         _BIT_GROUP_
            DATA    0021H     003EH     UNIT         ?DT?MAIN
            DATA    005FH     001AH     UNIT         ?DT?SEG
            IDATA   0079H     0001H     UNIT         ?STACK

            * * * * * * *   C O D E   M E M O R Y   * * * * * * *
            CODE    0000H     0003H     ABSOLUTE     
            CODE    0003H     0018H     UNIT         ?PR?_I2CSENDACK?IIC
            CODE    001BH     0003H     ABSOLUTE     
            CODE    001EH     0329H     UNIT         ?C?LIB_CODE
            CODE    0347H     02F1H     UNIT         ?PR?SEG_PORC?MAIN
            CODE    0638H     00FAH     UNIT         ?PR?TIMER1_ISR?MAIN
            CODE    0732H     00BCH     UNIT         ?PR?KEY_PORC?MAIN
            CODE    07EEH     008CH     UNIT         ?C_C51STARTUP
BL51 BANKED LINKER/LOCATER V6.22.2.0                                                  02/19/2024  16:19:56  PAGE 2


            CODE    087AH     007AH     UNIT         ?PR?KEY_READ?KEY
            CODE    08F4H     004BH     UNIT         ?C_INITSEG
            CODE    093FH     0046H     UNIT         ?PR?LED_PORC?MAIN
            CODE    0985H     0040H     UNIT         ?PR?RD_HUMIDITY?MAIN
            CODE    09C5H     003EH     UNIT         ?PR?_SET_RTC?DS1302
            CODE    0A03H     003DH     UNIT         ?PR?_READ_DS1302_BYTE?DS1302
            CODE    0A40H     003AH     UNIT         ?PR?_LED_DISP?LED
            CODE    0A7AH     0036H     UNIT         ?PR?_SEG_DISP?SEG
            CODE    0AB0H     0035H     UNIT         ?PR?_I2CSENDBYTE?IIC
            CODE    0AE5H     0034H     UNIT         ?PR?RD_TEMPERATURE?ONEWIRE
            CODE    0B19H     0031H     UNIT         ?PR?_READ_RTC?DS1302
            CODE    0B4AH     002AH     UNIT         ?PR?_AD_READ?IIC
            CODE    0B74H     0027H     UNIT         ?PR?_WRITE_DS18B20?ONEWIRE
            CODE    0B9BH     0027H     UNIT         ?PR?INIT_DS18B20?ONEWIRE
            CODE    0BC2H     0026H     UNIT         ?PR?I2CRECEIVEBYTE?IIC
            CODE    0BE8H     0024H     UNIT         ?PR?CLEAR_DATA?MAIN
            CODE    0C0CH     0023H     UNIT         ?PR?MAIN?MAIN
            CODE    0C2FH     0023H     UNIT         ?PR?READ_DS18B20?ONEWIRE
            CODE    0C52H     001EH     UNIT         ?PR?_DELAY_ONEWIRE?ONEWIRE
            CODE    0C70H     001DH     UNIT         ?PR?SYSTEM_INIT?INIT
            CODE    0C8DH     001CH     UNIT         ?PR?SEG_RESET?MAIN
            CODE    0CA9H     001CH     UNIT         ?PR?_WRITE_DS1302?DS1302
            CODE    0CC5H     001AH     UNIT         ?PR?_I2C_DELAY?IIC
            CODE    0CDFH     0015H     UNIT         ?PR?TIMER1_INIT?MAIN
            CODE    0CF4H     0015H     UNIT         ?PR?I2CWAITACK?IIC
            CODE    0D09H     0014H     UNIT         ?PR?_WRITE_DS1302_BYTE?DS1302
            CODE    0D1DH     0013H     UNIT         ?PR?TIMER0_INIT?MAIN
            CODE    0D30H     000FH     UNIT         ?PR?DELAY750MS?MAIN
            CODE    0D3FH     000FH     UNIT         ?PR?I2CSTART?IIC
            CODE    0D4EH     000CH     UNIT         ?PR?I2CSTOP?IIC



OVERLAY MAP OF MODULE:   .\Objects\test14 (MAIN)


SEGMENT                                  BIT_GROUP          DATA_GROUP 
  +--> CALLED SEGMENT                 START    LENGTH     START    LENGTH
-------------------------------------------------------------------------
?PR?TIMER1_ISR?MAIN                   -----    -----      -----    -----
  +--> ?PR?_SEG_DISP?SEG
  +--> ?PR?_LED_DISP?LED

?PR?_LED_DISP?LED                     0020H.6  0000H.1    -----    -----

*** NEW ROOT ***************************************************

?C_C51STARTUP                         -----    -----      -----    -----
  +--> ?PR?MAIN?MAIN
  +--> ?C_INITSEG

?PR?MAIN?MAIN                         -----    -----      -----    -----
  +--> ?PR?SYSTEM_INIT?INIT
  +--> ?PR?TIMER0_INIT?MAIN
  +--> ?PR?TIMER1_INIT?MAIN
  +--> ?PR?_SET_RTC?DS1302
  +--> ?PR?DELAY750MS?MAIN
BL51 BANKED LINKER/LOCATER V6.22.2.0                                                  02/19/2024  16:19:56  PAGE 3


  +--> ?PR?RD_TEMPERATURE?ONEWIRE
  +--> ?PR?KEY_PORC?MAIN
  +--> ?PR?SEG_PORC?MAIN
  +--> ?PR?LED_PORC?MAIN

?PR?_SET_RTC?DS1302                   -----    -----      0008H    0003H
  +--> ?PR?_WRITE_DS1302_BYTE?DS1302

?PR?_WRITE_DS1302_BYTE?DS1302         -----    -----      -----    -----
  +--> ?PR?_WRITE_DS1302?DS1302

?PR?RD_TEMPERATURE?ONEWIRE            -----    -----      -----    -----
  +--> ?PR?INIT_DS18B20?ONEWIRE
  +--> ?PR?_WRITE_DS18B20?ONEWIRE
  +--> ?PR?READ_DS18B20?ONEWIRE

?PR?INIT_DS18B20?ONEWIRE              0020H.7  0000H.1    -----    -----
  +--> ?PR?_DELAY_ONEWIRE?ONEWIRE

?PR?_WRITE_DS18B20?ONEWIRE            -----    -----      -----    -----
  +--> ?PR?_DELAY_ONEWIRE?ONEWIRE

?PR?READ_DS18B20?ONEWIRE              -----    -----      -----    -----
  +--> ?PR?_DELAY_ONEWIRE?ONEWIRE

?PR?KEY_PORC?MAIN                     -----    -----      -----    -----
  +--> ?PR?KEY_READ?KEY
  +--> ?PR?SEG_RESET?MAIN
  +--> ?PR?CLEAR_DATA?MAIN

?PR?SEG_PORC?MAIN                     -----    -----      0008H    0002H
  +--> ?PR?_AD_READ?IIC
  +--> ?PR?RD_TEMPERATURE?ONEWIRE
  +--> ?PR?RD_HUMIDITY?MAIN
  +--> ?PR?_READ_RTC?DS1302

?PR?_AD_READ?IIC                      -----    -----      -----    -----
  +--> ?PR?I2CSTART?IIC
  +--> ?PR?I2CWAITACK?IIC
  +--> ?PR?_I2CSENDBYTE?IIC
  +--> ?PR?I2CRECEIVEBYTE?IIC
  +--> ?PR?_I2CSENDACK?IIC
  +--> ?PR?I2CSTOP?IIC

?PR?I2CSTART?IIC                      -----    -----      -----    -----
  +--> ?PR?_I2C_DELAY?IIC

?PR?I2CWAITACK?IIC                    -----    -----      -----    -----
  +--> ?PR?_I2CSENDBYTE?IIC
  +--> ?PR?_I2C_DELAY?IIC

?PR?_I2CSENDBYTE?IIC                  -----    -----      -----    -----
  +--> ?PR?_I2C_DELAY?IIC

?PR?I2CRECEIVEBYTE?IIC                -----    -----      -----    -----
  +--> ?PR?_I2C_DELAY?IIC

BL51 BANKED LINKER/LOCATER V6.22.2.0                                                  02/19/2024  16:19:56  PAGE 4


?PR?_I2CSENDACK?IIC                   -----    -----      -----    -----
  +--> ?PR?_I2C_DELAY?IIC

?PR?I2CSTOP?IIC                       -----    -----      -----    -----
  +--> ?PR?_I2C_DELAY?IIC

?PR?_READ_RTC?DS1302                  -----    -----      000AH    0003H
  +--> ?PR?_READ_DS1302_BYTE?DS1302

?PR?_READ_DS1302_BYTE?DS1302          -----    -----      -----    -----
  +--> ?PR?_WRITE_DS1302?DS1302



SYMBOL TABLE OF MODULE:  .\Objects\test14 (MAIN)

  VALUE           TYPE          NAME
  ----------------------------------

  -------         MODULE        MAIN
  C:0000H         SYMBOL        _ICE_DUMMY_
  D:0080H         PUBLIC        P0
  D:0090H         PUBLIC        P1
  D:0025H         PUBLIC        aver_temperature_10x
  D:00A0H         PUBLIC        P2
  D:00B0H         PUBLIC        P3
  D:0027H         PUBLIC        re_show_mode
  D:0028H         PUBLIC        ucRtc
  D:00C0H         PUBLIC        P4
  C:0638H         PUBLIC        Timer1_ISR
  D:002BH         PUBLIC        time_100ms
  D:00C8H         PUBLIC        P5
  D:002CH         PUBLIC        trigger_count
  B:00A8H.7       PUBLIC        EA
  D:00E8H         PUBLIC        P6
  C:0C8DH         PUBLIC        Seg_Reset
  D:00F8H         PUBLIC        P7
  D:002DH         PUBLIC        trigger_time
  C:093FH         PUBLIC        Led_Porc
  D:0030H         PUBLIC        Seg_Point
  D:00A8H         PUBLIC        IE
  B:0020H.0       PUBLIC        Led_light_flag
  D:0038H         PUBLIC        old_temperature_10x
  C:0347H         PUBLIC        Seg_Porc
  D:00B8H         PUBLIC        IP
  D:003AH         PUBLIC        max_humidity
  D:003BH         PUBLIC        Seg_Buf
  C:0732H         PUBLIC        Key_Porc
  D:0043H         PUBLIC        Seg_Slow_Down
  D:00D8H         PUBLIC        CCON
  C:0C0CH         PUBLIC        main
  B:0020H.1       PUBLIC        wring_flag
  C:0985H         PUBLIC        rd_humidity
  C:0D1DH         PUBLIC        Timer0_Init
  C:0CDFH         PUBLIC        Timer1_Init
  D:0045H         PUBLIC        Key_Slow_Down
  D:0046H         PUBLIC        freq
BL51 BANKED LINKER/LOCATER V6.22.2.0                                                  02/19/2024  16:19:56  PAGE 5


  D:0048H         PUBLIC        Seg_Pos
  D:0098H         PUBLIC        SCON
  D:0089H         PUBLIC        TMOD
  D:0088H         PUBLIC        TCON
  D:0049H         PUBLIC        time_1s
  D:004BH         PUBLIC        time_2s
  D:004DH         PUBLIC        time_3s
  D:004FH         PUBLIC        old_light_value
  D:0050H         PUBLIC        para_temperature
  D:0051H         PUBLIC        aver_humidity_10x
  B:0020H.2       PUBLIC        long_press_flag
  D:008EH         PUBLIC        AUXR
  C:0BE8H         PUBLIC        Clear_Data
  B:0088H.5       PUBLIC        TF0
  B:00A8H.3       PUBLIC        ET1
  B:0088H.7       PUBLIC        TF1
  D:0053H         PUBLIC        Seg_show_mode
  D:008CH         PUBLIC        TH0
  D:008DH         PUBLIC        TH1
  D:0054H         PUBLIC        old_humidity_10x
  D:008AH         PUBLIC        TL0
  D:008BH         PUBLIC        TL1
  B:0088H.4       PUBLIC        TR0
  B:0088H.6       PUBLIC        TR1
  D:0056H         PUBLIC        max_temperature
  B:0020H.3       PUBLIC        data_up
  D:0057H         PUBLIC        ucLed
  C:0D30H         PUBLIC        Delay750ms
  B:0020H.4       PUBLIC        trigger_flag
  D:00D0H         PUBLIC        PSW
  B:0020H.5       PUBLIC        error_humidity_flag
  -------         PROC          CLEAR_DATA
  -------         DO            
  D:0007H         SYMBOL        i
  -------         ENDDO         
  C:0BE8H         LINE#         48
  C:0BE8H         LINE#         49
  C:0BE8H         LINE#         51
  C:0BEBH         LINE#         52
  C:0BEFH         LINE#         53
  C:0BF1H         LINE#         54
  C:0BF5H         LINE#         55
  C:0BF7H         LINE#         56
  C:0C02H         LINE#         57
  C:0C0BH         LINE#         58
  -------         ENDPROC       CLEAR_DATA
  -------         PROC          SEG_RESET
  -------         DO            
  D:0007H         SYMBOL        i
  -------         ENDDO         
  C:0C8DH         LINE#         60
  C:0C8DH         LINE#         61
  C:0C8DH         LINE#         63
  C:0C99H         LINE#         64
  C:0C99H         LINE#         65
  C:0C9FH         LINE#         66
  C:0CA5H         LINE#         67
BL51 BANKED LINKER/LOCATER V6.22.2.0                                                  02/19/2024  16:19:56  PAGE 6


  C:0CA8H         LINE#         68
  -------         ENDPROC       SEG_RESET
  -------         PROC          RD_HUMIDITY
  -------         DO            
  D:0004H         SYMBOL        humidity_value
  -------         ENDDO         
  C:0985H         LINE#         70
  C:0985H         LINE#         71
  C:0985H         LINE#         73
  C:099BH         LINE#         74
  C:09A1H         LINE#         75
  C:09C4H         LINE#         76
  C:09C4H         LINE#         77
  -------         ENDPROC       RD_HUMIDITY
  -------         PROC          KEY_PORC
  -------         DO            
  D:0021H         SYMBOL        Key_Val
  D:0022H         SYMBOL        Key_Down
  D:0023H         SYMBOL        Key_Old
  D:0024H         SYMBOL        Key_Up
  -------         ENDDO         
  C:0732H         LINE#         80
  C:0732H         LINE#         81
  C:0732H         LINE#         83
  C:0739H         LINE#         85
  C:073CH         LINE#         87
  C:0741H         LINE#         88
  C:074AH         LINE#         89
  C:0750H         LINE#         90
  C:0753H         LINE#         92
  C:0759H         LINE#         93
  C:0759H         LINE#         94
  C:075CH         LINE#         95
  C:0767H         LINE#         96
  C:076AH         LINE#         97
  C:076AH         LINE#         98
  C:0776H         LINE#         99
  C:0776H         LINE#         100
  C:0779H         LINE#         101
  C:0784H         LINE#         102
  C:0784H         LINE#         103
  C:078DH         LINE#         104
  C:078DH         LINE#         105
  C:0795H         LINE#         106
  C:07ACH         LINE#         107
  C:07B2H         LINE#         108
  C:07C3H         LINE#         109
  C:07C3H         LINE#         110
  C:07CFH         LINE#         111
  C:07CFH         LINE#         112
  C:07D5H         LINE#         113
  C:07D5H         LINE#         114
  C:07D7H         LINE#         115
  C:07D7H         LINE#         116
  C:07DDH         LINE#         117
  C:07DDH         LINE#         118
  C:07E8H         LINE#         119
BL51 BANKED LINKER/LOCATER V6.22.2.0                                                  02/19/2024  16:19:56  PAGE 7


  C:07EBH         LINE#         120
  C:07EDH         LINE#         121
  C:07EDH         LINE#         122
  C:07EDH         LINE#         123
  -------         ENDPROC       KEY_PORC
  -------         PROC          SEG_PORC
  -------         DO            
  D:0008H         SYMBOL        temp_temperature_10x
  D:0002H         SYMBOL        temp_humidity_10x
  D:0007H         SYMBOL        temp_light
  -------         ENDDO         
  C:0347H         LINE#         126
  C:0347H         LINE#         127
  C:0347H         LINE#         130
  C:0350H         LINE#         132
  C:0355H         LINE#         133
  C:035AH         LINE#         135
  C:0371H         LINE#         138
  C:0371H         LINE#         139
  C:0373H         LINE#         140
  C:037BH         LINE#         141
  C:037EH         LINE#         142
  C:0380H         LINE#         145
  C:038EH         LINE#         146
  C:0390H         LINE#         147
  C:0392H         LINE#         148
  C:0398H         LINE#         149
  C:0398H         LINE#         150
  C:039EH         LINE#         151
  C:03A1H         LINE#         153
  C:03A4H         LINE#         154
  C:03B8H         LINE#         155
  C:03CCH         LINE#         156
  C:03E0H         LINE#         157
  C:03F4H         LINE#         158
  C:03F7H         LINE#         160
  C:03FBH         LINE#         161
  C:03FBH         LINE#         162
  C:03FDH         LINE#         163
  C:03FFH         LINE#         164
  C:0402H         LINE#         165
  C:0405H         LINE#         166
  C:0406H         LINE#         169
  C:0406H         LINE#         170
  C:0408H         LINE#         171
  C:041FH         LINE#         172
  C:043EH         LINE#         175
  C:0442H         LINE#         177
  C:0444H         LINE#         178
  C:0448H         LINE#         179
  C:044EH         LINE#         180
  C:0462H         LINE#         181
  C:0476H         LINE#         182
  C:0488H         LINE#         183
  C:0498H         LINE#         184
  C:04BBH         LINE#         185
  C:04DCH         LINE#         186
BL51 BANKED LINKER/LOCATER V6.22.2.0                                                  02/19/2024  16:19:56  PAGE 8


  C:04DCH         LINE#         187
  C:04DDH         LINE#         189
  C:04DDH         LINE#         190
  C:04EFH         LINE#         191
  C:04EFH         LINE#         192
  C:04EFH         LINE#         194
  C:04F8H         LINE#         195
  C:04FFH         LINE#         196
  C:0505H         LINE#         197
  C:0508H         LINE#         198
  C:050FH         LINE#         199
  C:0515H         LINE#         200
  C:0518H         LINE#         201
  C:051FH         LINE#         202
  C:0521H         LINE#         203
  C:0524H         LINE#         204
  C:0524H         LINE#         206
  C:0536H         LINE#         207
  C:0536H         LINE#         208
  C:0536H         LINE#         210
  C:0539H         LINE#         211
  C:0540H         LINE#         212
  C:0540H         LINE#         213
  C:054DH         LINE#         214
  C:0556H         LINE#         215
  C:0559H         LINE#         216
  C:056DH         LINE#         217
  C:0581H         LINE#         218
  C:0585H         LINE#         219
  C:0585H         LINE#         220
  C:0585H         LINE#         221
  C:0587H         LINE#         222
  C:0587H         LINE#         224
  C:058AH         LINE#         225
  C:0591H         LINE#         226
  C:0591H         LINE#         227
  C:059EH         LINE#         228
  C:05A7H         LINE#         229
  C:05AAH         LINE#         230
  C:05BEH         LINE#         231
  C:05D2H         LINE#         232
  C:05DFH         LINE#         233
  C:05E2H         LINE#         234
  C:05E2H         LINE#         235
  C:05E3H         LINE#         236
  C:05E3H         LINE#         238
  C:05E6H         LINE#         239
  C:05F3H         LINE#         240
  C:05FCH         LINE#         241
  C:0600H         LINE#         242
  C:0600H         LINE#         243
  C:0607H         LINE#         244
  C:060DH         LINE#         245
  C:0610H         LINE#         246
  C:0617H         LINE#         247
  C:061DH         LINE#         248
  C:061DH         LINE#         249
BL51 BANKED LINKER/LOCATER V6.22.2.0                                                  02/19/2024  16:19:56  PAGE 9


  C:061EH         LINE#         250
  C:061EH         LINE#         251
  C:061EH         LINE#         252
  C:061EH         LINE#         254
  C:0621H         LINE#         255
  C:062EH         LINE#         256
  C:0637H         LINE#         257
  C:0637H         LINE#         258
  C:0637H         LINE#         259
  C:0637H         LINE#         260
  -------         ENDPROC       SEG_PORC
  -------         PROC          LED_PORC
  C:093FH         LINE#         263
  C:093FH         LINE#         264
  C:093FH         LINE#         266
  C:094EH         LINE#         267
  C:095CH         LINE#         268
  C:096AH         LINE#         270
  C:0978H         LINE#         271
  C:097EH         LINE#         272
  C:0984H         LINE#         273
  -------         ENDPROC       LED_PORC
  -------         PROC          TIMER0_INIT
  C:0D1DH         LINE#         277
  C:0D1DH         LINE#         278
  C:0D1DH         LINE#         279
  C:0D20H         LINE#         280
  C:0D23H         LINE#         281
  C:0D26H         LINE#         282
  C:0D29H         LINE#         283
  C:0D2BH         LINE#         284
  C:0D2DH         LINE#         285
  C:0D2FH         LINE#         286
  -------         ENDPROC       TIMER0_INIT
  -------         PROC          TIMER1_INIT
  C:0CDFH         LINE#         288
  C:0CDFH         LINE#         289
  C:0CDFH         LINE#         290
  C:0CE2H         LINE#         291
  C:0CE5H         LINE#         292
  C:0CE8H         LINE#         293
  C:0CEBH         LINE#         294
  C:0CEDH         LINE#         295
  C:0CEFH         LINE#         296
  C:0CF1H         LINE#         297
  C:0CF3H         LINE#         298
  -------         ENDPROC       TIMER1_INIT
  -------         PROC          TIMER1_ISR
  C:0638H         LINE#         300
  C:0655H         LINE#         302
  C:065DH         LINE#         303
  C:065FH         LINE#         304
  C:066DH         LINE#         305
  C:0671H         LINE#         306
  C:0679H         LINE#         307
  C:067BH         LINE#         308
  C:068CH         LINE#         309
BL51 BANKED LINKER/LOCATER V6.22.2.0                                                  02/19/2024  16:19:56  PAGE 10


  C:068CH         LINE#         310
  C:0692H         LINE#         311
  C:069CH         LINE#         312
  C:069FH         LINE#         313
  C:06A2H         LINE#         314
  C:06A2H         LINE#         315
  C:06A5H         LINE#         316
  C:06A5H         LINE#         317
  C:06B6H         LINE#         318
  C:06B6H         LINE#         319
  C:06BCH         LINE#         320
  C:06BCH         LINE#         321
  C:06BEH         LINE#         323
  C:06C4H         LINE#         325
  C:06C7H         LINE#         326
  C:06C7H         LINE#         327
  C:06D8H         LINE#         328
  C:06D8H         LINE#         329
  C:06DEH         LINE#         330
  C:06DEH         LINE#         331
  C:06E0H         LINE#         333
  C:06E6H         LINE#         336
  C:06EEH         LINE#         337
  C:06EEH         LINE#         338
  C:06F0H         LINE#         339
  C:06F5H         LINE#         340
  C:06F5H         LINE#         342
  C:0708H         LINE#         343
  C:0717H         LINE#         344
  -------         ENDPROC       TIMER1_ISR
  -------         PROC          DELAY750MS
  -------         DO            
  D:0007H         SYMBOL        i
  D:0006H         SYMBOL        j
  D:0005H         SYMBOL        k
  -------         ENDDO         
  C:0D30H         LINE#         345
  C:0D30H         LINE#         346
  C:0D30H         LINE#         349
  C:0D31H         LINE#         350
  C:0D32H         LINE#         351
  C:0D34H         LINE#         352
  C:0D36H         LINE#         353
  C:0D38H         LINE#         355
  C:0D38H         LINE#         357
  C:0D38H         LINE#         358
  C:0D3AH         LINE#         360
  C:0D3CH         LINE#         361
  C:0D3EH         LINE#         362
  -------         ENDPROC       DELAY750MS
  -------         PROC          MAIN
  C:0C0CH         LINE#         364
  C:0C0CH         LINE#         365
  C:0C0CH         LINE#         367
  C:0C0FH         LINE#         368
  C:0C12H         LINE#         369
  C:0C15H         LINE#         370
BL51 BANKED LINKER/LOCATER V6.22.2.0                                                  02/19/2024  16:19:56  PAGE 11


  C:0C1EH         LINE#         371
  C:0C21H         LINE#         372
  C:0C24H         LINE#         373
  C:0C24H         LINE#         374
  C:0C24H         LINE#         375
  C:0C27H         LINE#         376
  C:0C2AH         LINE#         377
  C:0C2DH         LINE#         378
  -------         ENDPROC       MAIN
  -------         ENDMOD        MAIN

  -------         MODULE        KEY
  C:0000H         SYMBOL        _ICE_DUMMY_
  D:0080H         PUBLIC        P0
  D:0090H         PUBLIC        P1
  D:00A0H         PUBLIC        P2
  D:00B0H         PUBLIC        P3
  D:00C0H         PUBLIC        P4
  D:00C8H         PUBLIC        P5
  D:00E8H         PUBLIC        P6
  D:00F8H         PUBLIC        P7
  C:087AH         PUBLIC        Key_Read
  D:00A8H         PUBLIC        IE
  D:00B8H         PUBLIC        IP
  D:00D8H         PUBLIC        CCON
  B:00B0H.0       PUBLIC        P30
  D:0098H         PUBLIC        SCON
  B:00B0H.1       PUBLIC        P31
  D:0088H         PUBLIC        TCON
  B:00B0H.2       PUBLIC        P32
  B:00C0H.2       PUBLIC        P42
  B:00B0H.3       PUBLIC        P33
  B:00B0H.4       PUBLIC        P34
  B:00C0H.4       PUBLIC        P44
  B:00B0H.5       PUBLIC        P35
  B:00A8H.1       PUBLIC        ET0
  D:00D0H         PUBLIC        PSW
  -------         PROC          KEY_READ
  -------         DO            
  D:0007H         SYMBOL        temp
  -------         ENDDO         
  C:087AH         LINE#         3
  C:087AH         LINE#         4
  C:087AH         LINE#         6
  C:087CH         LINE#         7
  C:087EH         LINE#         8
  C:0880H         LINE#         9
  C:0882H         LINE#         10
  C:0884H         LINE#         11
  C:0886H         LINE#         12
  C:0889H         LINE#         13
  C:088BH         LINE#         14
  C:088EH         LINE#         15
  C:0890H         LINE#         16
  C:0893H         LINE#         17
  C:0895H         LINE#         18
  C:0898H         LINE#         19
BL51 BANKED LINKER/LOCATER V6.22.2.0                                                  02/19/2024  16:19:56  PAGE 12


  C:089AH         LINE#         20
  C:089CH         LINE#         21
  C:089EH         LINE#         22
  C:08A0H         LINE#         23
  C:08A2H         LINE#         24
  C:08A5H         LINE#         25
  C:08A7H         LINE#         26
  C:08AAH         LINE#         27
  C:08ACH         LINE#         28
  C:08AFH         LINE#         29
  C:08B1H         LINE#         30
  C:08B4H         LINE#         31
  C:08B6H         LINE#         32
  C:08B8H         LINE#         33
  C:08BAH         LINE#         34
  C:08BCH         LINE#         35
  C:08BEH         LINE#         36
  C:08C1H         LINE#         37
  C:08C3H         LINE#         38
  C:08C6H         LINE#         39
  C:08C8H         LINE#         40
  C:08CBH         LINE#         41
  C:08CDH         LINE#         42
  C:08D0H         LINE#         43
  C:08D2H         LINE#         44
  C:08D4H         LINE#         45
  C:08D6H         LINE#         46
  C:08D8H         LINE#         47
  C:08DAH         LINE#         48
  C:08DDH         LINE#         49
  C:08DFH         LINE#         50
  C:08E2H         LINE#         51
  C:08E4H         LINE#         52
  C:08E7H         LINE#         53
  C:08E9H         LINE#         54
  C:08ECH         LINE#         55
  C:08EEH         LINE#         56
  C:08F0H         LINE#         57
  C:08F3H         LINE#         58
  C:08F3H         LINE#         59
  -------         ENDPROC       KEY_READ
  -------         ENDMOD        KEY

  -------         MODULE        DS1302
  C:0000H         SYMBOL        _ICE_DUMMY_
  D:0090H         PUBLIC        P1
  D:00A0H         PUBLIC        P2
  D:00B0H         PUBLIC        P3
  C:0B19H         PUBLIC        _Read_Rtc
  D:00A8H         PUBLIC        IE
  D:00B8H         PUBLIC        IP
  D:0098H         PUBLIC        SCON
  D:0088H         PUBLIC        TCON
  C:09C5H         PUBLIC        _Set_Rtc
  C:0A03H         PUBLIC        _Read_Ds1302_Byte
  B:00A0H.3       PUBLIC        SDA
  B:0090H.7       PUBLIC        SCK
BL51 BANKED LINKER/LOCATER V6.22.2.0                                                  02/19/2024  16:19:56  PAGE 13


  C:0D09H         PUBLIC        _Write_Ds1302_Byte
  D:00C8H         PUBLIC        T2CON
  C:0CA9H         PUBLIC        _Write_Ds1302
  B:0090H.3       PUBLIC        RST
  D:00D0H         PUBLIC        PSW
  -------         PROC          _WRITE_DS1302
  D:0007H         SYMBOL        temp
  -------         DO            
  D:0006H         SYMBOL        i
  -------         ENDDO         
  C:0CA9H         LINE#         14
  C:0CA9H         LINE#         15
  C:0CA9H         LINE#         17
  C:0CB5H         LINE#         18
  C:0CB5H         LINE#         19
  C:0CB7H         LINE#         20
  C:0CBBH         LINE#         21
  C:0CBFH         LINE#         22
  C:0CC1H         LINE#         23
  C:0CC4H         LINE#         24
  -------         ENDPROC       _WRITE_DS1302
  -------         PROC          _WRITE_DS1302_BYTE
  D:0007H         SYMBOL        address
  D:0005H         SYMBOL        dat
  C:0D09H         LINE#         27
  C:0D09H         LINE#         28
  C:0D09H         LINE#         29
  C:0D0BH         LINE#         30
  C:0D0CH         LINE#         31
  C:0D0EH         LINE#         32
  C:0D0FH         LINE#         33
  C:0D11H         LINE#         34
  C:0D12H         LINE#         35
  C:0D15H         LINE#         36
  C:0D1AH         LINE#         37
  C:0D1CH         LINE#         38
  -------         ENDPROC       _WRITE_DS1302_BYTE
  -------         PROC          _READ_DS1302_BYTE
  D:0007H         SYMBOL        address
  -------         DO            
  D:0007H         SYMBOL        i
  D:0005H         SYMBOL        temp
  -------         ENDDO         
  C:0A03H         LINE#         41
  C:0A03H         LINE#         42
  C:0A03H         LINE#         43
  C:0A05H         LINE#         44
  C:0A07H         LINE#         45
  C:0A08H         LINE#         46
  C:0A0AH         LINE#         47
  C:0A0BH         LINE#         48
  C:0A0DH         LINE#         49
  C:0A0EH         LINE#         50
  C:0A11H         LINE#         51
  C:0A1DH         LINE#         52
  C:0A1DH         LINE#         53
  C:0A1FH         LINE#         54
BL51 BANKED LINKER/LOCATER V6.22.2.0                                                  02/19/2024  16:19:56  PAGE 14


  C:0A23H         LINE#         55
  C:0A26H         LINE#         56
  C:0A29H         LINE#         57
  C:0A2BH         LINE#         58
  C:0A2EH         LINE#         59
  C:0A30H         LINE#         60
  C:0A31H         LINE#         61
  C:0A33H         LINE#         62
  C:0A34H         LINE#         63
  C:0A36H         LINE#         64
  C:0A37H         LINE#         65
  C:0A39H         LINE#         66
  C:0A3AH         LINE#         67
  C:0A3CH         LINE#         68
  C:0A3DH         LINE#         69
  C:0A3FH         LINE#         70
  -------         ENDPROC       _READ_DS1302_BYTE
  -------         PROC          _SET_RTC
  D:0008H         SYMBOL        ucRtc
  -------         DO            
  D:0004H         SYMBOL        i
  -------         ENDDO         
  C:09C5H         LINE#         72
  C:09CBH         LINE#         73
  C:09CBH         LINE#         75
  C:09D2H         LINE#         76
  C:09DEH         LINE#         77
  C:09DEH         LINE#         78
  C:09F9H         LINE#         79
  C:09FCH         LINE#         80
  -------         ENDPROC       _SET_RTC
  -------         PROC          _READ_RTC
  D:000AH         SYMBOL        ucRtc
  -------         DO            
  D:0004H         SYMBOL        i
  -------         ENDDO         
  C:0B19H         LINE#         83
  C:0B1FH         LINE#         84
  C:0B1FH         LINE#         86
  C:0B2BH         LINE#         87
  C:0B2BH         LINE#         88
  C:0B46H         LINE#         89
  C:0B49H         LINE#         90
  -------         ENDPROC       _READ_RTC
  -------         ENDMOD        DS1302

  -------         MODULE        IIC
  C:0000H         SYMBOL        _ICE_DUMMY_
  D:0080H         PUBLIC        P0
  D:0090H         PUBLIC        P1
  D:00A0H         PUBLIC        P2
  D:00B0H         PUBLIC        P3
  C:0B4AH         PUBLIC        _Ad_Read
  D:00C0H         PUBLIC        P4
  D:00C8H         PUBLIC        P5
  D:00E8H         PUBLIC        P6
  D:00F8H         PUBLIC        P7
BL51 BANKED LINKER/LOCATER V6.22.2.0                                                  02/19/2024  16:19:56  PAGE 15


  D:00A8H         PUBLIC        IE
  C:0CC9H         SYMBOL        _I2C_Delay
  D:00B8H         PUBLIC        IP
  C:0BC2H         PUBLIC        I2CReceiveByte
  D:00D8H         PUBLIC        CCON
  D:0098H         PUBLIC        SCON
  D:0088H         PUBLIC        TCON
  B:00A0H.1       PUBLIC        sda
  B:00A0H.0       PUBLIC        scl
  C:0D3FH         PUBLIC        I2CStart
  C:0003H         PUBLIC        _I2CSendAck
  C:0AB0H         PUBLIC        _I2CSendByte
  C:0CF7H         PUBLIC        I2CWaitAck
  C:0D4EH         PUBLIC        I2CStop
  D:00D0H         PUBLIC        PSW
  C:0CC5H         SYMBOL        L?0022
  -------         PROC          L?0021
  -------         ENDPROC       L?0021
  C:0CC5H         SYMBOL        L?0022
  -------         PROC          _I2C_DELAY
  D:0007H         SYMBOL        n
  C:0CC9H         LINE#         12
  C:0CC9H         LINE#         13
  C:0CC9H         LINE#         15
  C:0CC9H         LINE#         16
  C:0CCAH         LINE#         17
  C:0CCBH         LINE#         18
  C:0CCCH         LINE#         19
  C:0CCDH         LINE#         20
  C:0CCEH         LINE#         21
  C:0CCFH         LINE#         22
  C:0CD0H         LINE#         23
  C:0CD1H         LINE#         24
  C:0CD2H         LINE#         25
  C:0CD3H         LINE#         26
  C:0CD4H         LINE#         27
  C:0CD5H         LINE#         28
  C:0CD6H         LINE#         29
  C:0CD7H         LINE#         30
  C:0CD8H         LINE#         31
  C:0CDEH         LINE#         32
  -------         ENDPROC       _I2C_DELAY
  -------         PROC          I2CSTART
  C:0D3FH         LINE#         35
  C:0D3FH         LINE#         36
  C:0D3FH         LINE#         37
  C:0D41H         LINE#         38
  C:0D41H         LINE#         39
  C:0D44H         LINE#         40
  C:0D46H         LINE#         41
  C:0D4BH         LINE#         42
  C:0D4DH         LINE#         43
  -------         ENDPROC       I2CSTART
  -------         PROC          I2CSTOP
  C:0D4EH         LINE#         46
  C:0D4EH         LINE#         47
  C:0D4EH         LINE#         48
BL51 BANKED LINKER/LOCATER V6.22.2.0                                                  02/19/2024  16:19:56  PAGE 16


  C:0D50H         LINE#         49
  C:0D50H         LINE#         50
  C:0D53H         LINE#         51
  C:0D55H         LINE#         52
  -------         ENDPROC       I2CSTOP
  -------         PROC          _I2CSENDBYTE
  D:0005H         SYMBOL        byt
  -------         DO            
  D:0004H         SYMBOL        i
  -------         ENDDO         
  C:0AB0H         LINE#         56
  C:0AB2H         LINE#         57
  C:0AB2H         LINE#         60
  C:0ABEH         LINE#         61
  C:0ABEH         LINE#         62
  C:0AC0H         LINE#         63
  C:0AC5H         LINE#         64
  C:0AC9H         LINE#         65
  C:0AC9H         LINE#         66
  C:0ACBH         LINE#         67
  C:0ACDH         LINE#         69
  C:0ACDH         LINE#         70
  C:0ACFH         LINE#         71
  C:0ACFH         LINE#         72
  C:0AD4H         LINE#         73
  C:0AD6H         LINE#         74
  C:0ADAH         LINE#         75
  C:0ADFH         LINE#         76
  C:0AE2H         LINE#         78
  C:0AE4H         LINE#         79
  -------         ENDPROC       _I2CSENDBYTE
  -------         PROC          I2CRECEIVEBYTE
  -------         DO            
  D:0005H         SYMBOL        da
  D:0004H         SYMBOL        i
  -------         ENDDO         
  C:0BC2H         LINE#         82
  C:0BC2H         LINE#         83
  C:0BC2H         LINE#         86
  C:0BCEH         LINE#         87
  C:0BCEH         LINE#         88
  C:0BCEH         LINE#         89
  C:0BD1H         LINE#         90
  C:0BD5H         LINE#         91
  C:0BD8H         LINE#         92
  C:0BDBH         LINE#         93
  C:0BDDH         LINE#         94
  C:0BE2H         LINE#         95
  C:0BE5H         LINE#         96
  C:0BE7H         LINE#         97
  -------         ENDPROC       I2CRECEIVEBYTE
  -------         PROC          L?0023
  -------         ENDPROC       L?0023
  -------         PROC          I2CWAITACK
  -------         DO            
  D:0005H         SYMBOL        ackbit
  -------         ENDDO         
BL51 BANKED LINKER/LOCATER V6.22.2.0                                                  02/19/2024  16:19:56  PAGE 17


  C:0CF7H         LINE#         100
  C:0CF7H         LINE#         101
  C:0CF7H         LINE#         104
  C:0CF7H         LINE#         105
  C:0CFAH         LINE#         106
  C:0CFFH         LINE#         107
  C:0D01H         LINE#         108
  C:0D06H         LINE#         110
  C:0D08H         LINE#         111
  -------         ENDPROC       I2CWAITACK
  -------         PROC          _I2CSENDACK
  D:0007H         SYMBOL        ackbit
  C:0003H         LINE#         114
  C:0003H         LINE#         115
  C:0003H         LINE#         116
  C:0005H         LINE#         117
  C:000AH         LINE#         118
  C:000FH         LINE#         119
  C:000FH         LINE#         120
  C:0012H         LINE#         121
  C:0014H         LINE#         122
  C:0016H         LINE#         123
  -------         ENDPROC       _I2CSENDACK
  -------         PROC          _AD_READ
  D:0003H         SYMBOL        addr
  -------         DO            
  D:0005H         SYMBOL        temp
  -------         ENDDO         
  C:0B4AH         LINE#         126
  C:0B4CH         LINE#         127
  C:0B4CH         LINE#         130
  C:0B4FH         LINE#         131
  C:0B51H         LINE#         132
  C:0B54H         LINE#         133
  C:0B56H         LINE#         134
  C:0B59H         LINE#         136
  C:0B5CH         LINE#         137
  C:0B61H         LINE#         138
  C:0B64H         LINE#         139
  C:0B69H         LINE#         140
  C:0B6EH         LINE#         141
  C:0B71H         LINE#         142
  C:0B73H         LINE#         143
  -------         ENDPROC       _AD_READ
  -------         ENDMOD        IIC

  -------         MODULE        INIT
  C:0000H         SYMBOL        _ICE_DUMMY_
  C:0C70H         PUBLIC        System_Init
  D:0080H         PUBLIC        P0
  D:0090H         PUBLIC        P1
  D:00A0H         PUBLIC        P2
  D:00B0H         PUBLIC        P3
  D:00C0H         PUBLIC        P4
  D:00C8H         PUBLIC        P5
  D:00E8H         PUBLIC        P6
  D:00F8H         PUBLIC        P7
BL51 BANKED LINKER/LOCATER V6.22.2.0                                                  02/19/2024  16:19:56  PAGE 18


  D:00A8H         PUBLIC        IE
  D:00B8H         PUBLIC        IP
  D:00D8H         PUBLIC        CCON
  D:0098H         PUBLIC        SCON
  D:0088H         PUBLIC        TCON
  D:00D0H         PUBLIC        PSW
  -------         PROC          SYSTEM_INIT
  C:0C70H         LINE#         2
  C:0C70H         LINE#         3
  C:0C70H         LINE#         4
  C:0C73H         LINE#         5
  C:0C7BH         LINE#         6
  C:0C7EH         LINE#         8
  C:0C81H         LINE#         9
  C:0C89H         LINE#         10
  C:0C8CH         LINE#         11
  -------         ENDPROC       SYSTEM_INIT
  -------         ENDMOD        INIT

  -------         MODULE        LED
  C:0000H         SYMBOL        _ICE_DUMMY_
  D:0080H         PUBLIC        P0
  D:0090H         PUBLIC        P1
  D:00A0H         PUBLIC        P2
  D:00B0H         PUBLIC        P3
  D:00C0H         PUBLIC        P4
  D:00C8H         PUBLIC        P5
  D:00E8H         PUBLIC        P6
  D:00F8H         PUBLIC        P7
  C:0A40H         PUBLIC        _Led_Disp
  D:00A8H         PUBLIC        IE
  D:00B8H         PUBLIC        IP
  D:00D8H         PUBLIC        CCON
  D:0098H         PUBLIC        SCON
  D:0088H         PUBLIC        TCON
  D:00D0H         PUBLIC        PSW
  -------         PROC          _LED_DISP
  D:0007H         SYMBOL        addr
  B:0020H.6       SYMBOL        enable
  -------         DO            
  D:000DH         SYMBOL        temp
  D:000EH         SYMBOL        temp_old
  -------         ENDDO         
  C:0A40H         LINE#         3
  C:0A40H         LINE#         4
  C:0A40H         LINE#         7
  C:0A43H         LINE#         8
  C:0A52H         LINE#         10
  C:0A60H         LINE#         12
  C:0A66H         LINE#         13
  C:0A66H         LINE#         14
  C:0A6BH         LINE#         15
  C:0A73H         LINE#         16
  C:0A76H         LINE#         17
  C:0A79H         LINE#         18
  C:0A79H         LINE#         19
  -------         ENDPROC       _LED_DISP
BL51 BANKED LINKER/LOCATER V6.22.2.0                                                  02/19/2024  16:19:56  PAGE 19


  -------         ENDMOD        LED

  -------         MODULE        ONEWIRE
  C:0000H         SYMBOL        _ICE_DUMMY_
  D:0090H         PUBLIC        P1
  D:00B0H         PUBLIC        P3
  C:0C2FH         PUBLIC        Read_DS18B20
  D:00A8H         PUBLIC        IE
  C:0C56H         PUBLIC        _Delay_OneWire
  C:0B74H         PUBLIC        _Write_DS18B20
  B:0090H.4       PUBLIC        DQ
  D:00B8H         PUBLIC        IP
  C:0B9BH         PUBLIC        init_ds18b20
  D:0098H         PUBLIC        SCON
  D:0088H         PUBLIC        TCON
  D:00C8H         PUBLIC        T2CON
  C:0AE5H         PUBLIC        rd_temperature
  D:00D0H         PUBLIC        PSW
  C:0C52H         SYMBOL        L?0020
  -------         PROC          L?0019
  -------         ENDPROC       L?0019
  C:0C52H         SYMBOL        L?0020
  -------         PROC          _DELAY_ONEWIRE
  D:0006H         SYMBOL        t
  -------         DO            
  D:0005H         SYMBOL        i
  -------         ENDDO         
  C:0C56H         LINE#         10
  C:0C56H         LINE#         11
  C:0C56H         LINE#         13
  C:0C60H         LINE#         14
  C:0C60H         LINE#         15
  C:0C6FH         LINE#         17
  C:0C6FH         LINE#         18
  -------         ENDPROC       _DELAY_ONEWIRE
  -------         PROC          _WRITE_DS18B20
  D:0001H         SYMBOL        dat
  -------         DO            
  D:0003H         SYMBOL        i
  -------         ENDDO         
  C:0B74H         LINE#         21
  C:0B76H         LINE#         22
  C:0B76H         LINE#         24
  C:0B82H         LINE#         25
  C:0B82H         LINE#         26
  C:0B84H         LINE#         27
  C:0B88H         LINE#         28
  C:0B8BH         LINE#         29
  C:0B8DH         LINE#         30
  C:0B91H         LINE#         31
  C:0B94H         LINE#         32
  -------         ENDPROC       _WRITE_DS18B20
  -------         PROC          READ_DS18B20
  -------         DO            
  D:0003H         SYMBOL        i
  D:0004H         SYMBOL        dat
  -------         ENDDO         
BL51 BANKED LINKER/LOCATER V6.22.2.0                                                  02/19/2024  16:19:56  PAGE 20


  C:0C2FH         LINE#         36
  C:0C2FH         LINE#         37
  C:0C2FH         LINE#         41
  C:0C3BH         LINE#         42
  C:0C3BH         LINE#         43
  C:0C3DH         LINE#         44
  C:0C41H         LINE#         45
  C:0C43H         LINE#         46
  C:0C46H         LINE#         47
  C:0C46H         LINE#         48
  C:0C49H         LINE#         49
  C:0C49H         LINE#         50
  C:0C4CH         LINE#         51
  C:0C4FH         LINE#         52
  C:0C51H         LINE#         53
  -------         ENDPROC       READ_DS18B20
  -------         PROC          INIT_DS18B20
  -------         DO            
  B:0020H.7       SYMBOL        initflag
  -------         ENDDO         
  C:0B9BH         LINE#         56
  C:0B9BH         LINE#         57
  C:0B9BH         LINE#         58
  C:0B9DH         LINE#         60
  C:0B9FH         LINE#         61
  C:0BA6H         LINE#         62
  C:0BA8H         LINE#         63
  C:0BAFH         LINE#         64
  C:0BB1H         LINE#         65
  C:0BB8H         LINE#         66
  C:0BBCH         LINE#         67
  C:0BBFH         LINE#         69
  C:0BC1H         LINE#         70
  -------         ENDPROC       INIT_DS18B20
  -------         PROC          RD_TEMPERATURE
  -------         DO            
  D:0001H         SYMBOL        low
  D:0007H         SYMBOL        high
  -------         ENDDO         
  C:0AE5H         LINE#         71
  C:0AE5H         LINE#         72
  C:0AE5H         LINE#         75
  C:0AE8H         LINE#         76
  C:0AEDH         LINE#         77
  C:0AF2H         LINE#         79
  C:0AF5H         LINE#         80
  C:0AFAH         LINE#         81
  C:0AFFH         LINE#         83
  C:0B04H         LINE#         84
  C:0B07H         LINE#         85
  -------         ENDPROC       RD_TEMPERATURE
  -------         ENDMOD        ONEWIRE

  -------         MODULE        SEG
  C:0000H         SYMBOL        _ICE_DUMMY_
  D:0080H         PUBLIC        P0
  D:0090H         PUBLIC        P1
BL51 BANKED LINKER/LOCATER V6.22.2.0                                                  02/19/2024  16:19:56  PAGE 21


  D:00A0H         PUBLIC        P2
  D:00B0H         PUBLIC        P3
  D:00C0H         PUBLIC        P4
  D:00C8H         PUBLIC        P5
  D:00E8H         PUBLIC        P6
  D:00F8H         PUBLIC        P7
  D:00A8H         PUBLIC        IE
  C:0A7AH         PUBLIC        _Seg_Disp
  D:00B8H         PUBLIC        IP
  D:00D8H         PUBLIC        CCON
  D:0098H         PUBLIC        SCON
  D:0088H         PUBLIC        TCON
  D:005FH         PUBLIC        seg_dula
  D:0071H         PUBLIC        seg_wela
  D:00D0H         PUBLIC        PSW
  -------         PROC          _SEG_DISP
  D:0007H         SYMBOL        wela
  D:0005H         SYMBOL        dula
  D:0003H         SYMBOL        point
  C:0A7AH         LINE#         9
  C:0A7AH         LINE#         10
  C:0A7AH         LINE#         12
  C:0A7DH         LINE#         13
  C:0A85H         LINE#         15
  C:0A8CH         LINE#         16
  C:0A94H         LINE#         17
  C:0A97H         LINE#         19
  C:0A9EH         LINE#         20
  C:0AA1H         LINE#         21
  C:0AA4H         LINE#         22
  C:0AACH         LINE#         23
  C:0AAFH         LINE#         24
  -------         ENDPROC       _SEG_DISP
  -------         ENDMOD        SEG

  -------         MODULE        ?C?FPMUL
  C:001EH         PUBLIC        ?C?FPMUL
  -------         ENDMOD        ?C?FPMUL

  -------         MODULE        ?C?FPDIV
  C:0127H         PUBLIC        ?C?FPDIV
  -------         ENDMOD        ?C?FPDIV

  -------         MODULE        ?C?FCAST
  C:01CEH         PUBLIC        ?C?FCASTC
  C:01C9H         PUBLIC        ?C?FCASTI
  C:01C4H         PUBLIC        ?C?FCASTL
  -------         ENDMOD        ?C?FCAST

  -------         MODULE        ?C?CASTF
  C:0202H         PUBLIC        ?C?CASTF
  -------         ENDMOD        ?C?CASTF

  -------         MODULE        ?C?CLDOPTR
  C:0283H         PUBLIC        ?C?CLDOPTR
  -------         ENDMOD        ?C?CLDOPTR

BL51 BANKED LINKER/LOCATER V6.22.2.0                                                  02/19/2024  16:19:56  PAGE 22


  -------         MODULE        ?C?CSTOPTR
  C:02B0H         PUBLIC        ?C?CSTOPTR
  -------         ENDMOD        ?C?CSTOPTR

  -------         MODULE        ?C?IMUL
  C:02D2H         PUBLIC        ?C?IMUL
  -------         ENDMOD        ?C?IMUL

  -------         MODULE        ?C?UIDIV
  C:02E4H         PUBLIC        ?C?UIDIV
  -------         ENDMOD        ?C?UIDIV

  -------         MODULE        ?C?LNEG
  C:0339H         PUBLIC        ?C?LNEG
  -------         ENDMOD        ?C?LNEG

Program Size: data=105.0 xdata=0 code=3418
LINK/LOCATE RUN COMPLETE.  0 WARNING(S),  0 ERROR(S)
