C51 COMPILER V9.59.0.0   IIC                                                               01/26/2024 22:24:55 PAGE 1   


C51 COMPILER V9.59.0.0, COMPILATION OF MODULE IIC
OBJECT MODULE PLACED IN .\Objects\iic.obj
COMPILER INVOKED BY: D:\Keil_v5\C51\BIN\C51.EXE ..\Driver\iic.c OPTIMIZE(8,SPEED) BROWSE INCDIR(..\Driver) DEBUG OBJECTE
                    -XTEND PRINT(.\Listings\iic.lst) TABS(2) OBJECT(.\Objects\iic.obj)

line level    source

   1          #include "iic.h"
   2          
   3          #define DELAY_TIME 5
   4          
   5          #include "reg52.h"
   6          #include "intrins.h"
   7          
   8          sbit SDA = P2^1;
   9          sbit SCL = P2^0;
  10          
  11          //I2C总线内部延时函数
  12          void IIC_Delay(unsigned char i)
  13          {
  14   1          do{_nop_();}
  15   1          while(i--);        
  16   1      }
  17          
  18          //I2C总线启动信号
  19          void IIC_Start(void)
  20          {
  21   1          SDA = 1;
  22   1          SCL = 1;
  23   1          IIC_Delay(DELAY_TIME);
  24   1          SDA = 0;
  25   1          IIC_Delay(DELAY_TIME);
  26   1          SCL = 0;  
  27   1      }
  28          
  29          //I2C总线停止信号
  30          void IIC_Stop(void)
  31          {
  32   1          SDA = 0;
  33   1          SCL = 1;
  34   1          IIC_Delay(DELAY_TIME);
  35   1          SDA = 1;
  36   1          IIC_Delay(DELAY_TIME);
  37   1      }
  38          
  39          //发送应答或非应答信号
  40          void IIC_SendAck(bit ackbit)
  41          {
  42   1          SCL = 0;
  43   1          SDA = ackbit;           
  44   1          IIC_Delay(DELAY_TIME);
  45   1          SCL = 1;
  46   1          IIC_Delay(DELAY_TIME);
  47   1          SCL = 0; 
  48   1          SDA = 1;
  49   1          IIC_Delay(DELAY_TIME);
  50   1      }
  51          
  52          //等待应答
  53          bit IIC_WaitAck(void)
  54          {
C51 COMPILER V9.59.0.0   IIC                                                               01/26/2024 22:24:55 PAGE 2   

  55   1          bit ackbit;
  56   1        
  57   1          SCL  = 1;
  58   1          IIC_Delay(DELAY_TIME);
  59   1          ackbit = SDA;
  60   1          SCL = 0;
  61   1          IIC_Delay(DELAY_TIME);
  62   1          return ackbit;
  63   1      }
  64          
  65          //I2C总线发送一个字节数据
  66          void IIC_SendByte(unsigned char byt)
  67          {
  68   1          unsigned char i;
  69   1      
  70   1          for(i=0; i<8; i++)
  71   1          {
  72   2              SCL  = 0;
  73   2              IIC_Delay(DELAY_TIME);
  74   2              if(byt & 0x80) SDA  = 1;
  75   2              else SDA  = 0;
  76   2              IIC_Delay(DELAY_TIME);
  77   2              SCL = 1;
  78   2              byt <<= 1;
  79   2              IIC_Delay(DELAY_TIME);
  80   2          }
  81   1          SCL  = 0;  
  82   1      }
  83          
  84          //I2C总线接收一个字节数据
  85          unsigned char IIC_RecByte(void)
  86          {
  87   1          unsigned char i, da;
  88   1          for(i=0; i<8; i++)
  89   1          {   
  90   2            SCL = 1;
  91   2        IIC_Delay(DELAY_TIME);
  92   2        da <<= 1;
  93   2        if(SDA) da |= 1;
  94   2        SCL = 0;
  95   2        IIC_Delay(DELAY_TIME);
  96   2          }
  97   1          return da;    
  98   1      }
  99          
 100          
 101          unsigned char Ad_Read(unsigned char addr)
 102          {
 103   1        unsigned char temp;
 104   1        IIC_Start();
 105   1        IIC_SendByte(0x90);
 106   1        IIC_WaitAck();
 107   1        IIC_SendByte(addr);
 108   1        IIC_WaitAck();
 109   1        IIC_Start();
 110   1        IIC_SendByte(0x91);
 111   1        IIC_WaitAck();
 112   1        temp=IIC_RecByte();
 113   1        IIC_SendAck(1);
 114   1        IIC_Stop();
 115   1        return temp;
 116   1      }
C51 COMPILER V9.59.0.0   IIC                                                               01/26/2024 22:24:55 PAGE 3   

 117          
 118          void E2PROM_Write(unsigned char* EEPROM_String, unsigned char addr, unsigned char num)
 119          {
 120   1        IIC_Start();
 121   1        IIC_SendByte(0xA0);
 122   1        IIC_WaitAck();
 123   1        
 124   1        IIC_SendByte(addr);
 125   1        IIC_WaitAck();
 126   1      
 127   1        while(num--)
 128   1        {
 129   2          IIC_SendByte(*EEPROM_String++);
 130   2          IIC_WaitAck();  
 131   2          IIC_Delay(200); 
 132   2        }
 133   1        IIC_Stop();
 134   1      }
 135          
 136          
 137          void E2PROM_Read(unsigned char* EEPROM_String, unsigned char addr, unsigned char num)
 138          {
 139   1        IIC_Start();
 140   1        IIC_SendByte(0xA0);
 141   1        IIC_WaitAck();
 142   1        IIC_SendByte(addr);
 143   1        IIC_WaitAck();  
 144   1      
 145   1        IIC_Start();
 146   1        IIC_SendByte(0xA1);
 147   1        IIC_WaitAck();
 148   1        
 149   1        while(num--)
 150   1        {
 151   2          *EEPROM_String++ = IIC_RecByte();
 152   2          if(num) IIC_SendAck(0);
 153   2            else IIC_SendAck(1);
 154   2        }
 155   1        
 156   1        IIC_Stop();
 157   1      }
 158          
 159          void Da_Write(unsigned char dat)
 160          {
 161   1        IIC_Start();
 162   1        IIC_SendByte(0x90);
 163   1        IIC_WaitAck();
 164   1        IIC_SendByte(0x41);
 165   1        IIC_WaitAck();
 166   1        IIC_SendByte(dat);
 167   1        IIC_WaitAck();
 168   1        IIC_Stop();
 169   1      }
 170          


MODULE INFORMATION:   STATIC OVERLAYABLE
   CODE SIZE        =    385    ----
   CONSTANT SIZE    =   ----    ----
   XDATA SIZE       =   ----    ----
   PDATA SIZE       =   ----    ----
   DATA SIZE        =   ----      10
C51 COMPILER V9.59.0.0   IIC                                                               01/26/2024 22:24:55 PAGE 4   

   IDATA SIZE       =   ----    ----
   BIT SIZE         =   ----       2
END OF MODULE INFORMATION.


C51 COMPILATION COMPLETE.  0 WARNING(S),  0 ERROR(S)
