C51 COMPILER V9.59.0.0   MAIN                                                              01/29/2024 14:38:18 PAGE 1   


C51 COMPILER V9.59.0.0, COMPILATION OF MODULE MAIN
OBJECT MODULE PLACED IN .\Objects\main.obj
COMPILER INVOKED BY: D:\Keil_v5\C51\BIN\C51.EXE main.c OPTIMIZE(8,SPEED) BROWSE DEBUG OBJECTEXTEND PRINT(.\Listings\main
                    -.lst) TABS(2) OBJECT(.\Objects\main.obj)

line level    source

   1          #include <STC15F2K60S2.H>
   2          unsigned int freq;
   3          unsigned int time_1s;
   4          // 计数器
   5          void Timer0Init(void) // 0微秒@12.000MHz
   6          {
   7   1          AUXR &= 0x7F; // 定时器时钟12T模式
   8   1          TMOD &= 0xF0; // 设置定时器模式
   9   1          TMOD |= 0x05;
  10   1          TL0 = 0x00; // 设置定时初值
  11   1          TH0 = 0x00; // 设置定时初值
  12   1          TF0 = 0;    // 清除TF0标志
  13   1          TR0 = 1;    // 定时器0开始计时
  14   1      }
  15          // 定时器
  16          void Timer1Init(void) // 1毫秒@12.000MHz
  17          {
  18   1          AUXR &= 0xBF; // 定时器时钟12T模式
  19   1          TMOD &= 0x0F; // 设置定时器模式
  20   1          TL1 = 0x18;   // 设置定时初值
  21   1          TH1 = 0xFC;   // 设置定时初值
  22   1          TF1 = 0;      // 清除TF1标志
  23   1          TR1 = 1;      // 定时器1开始计时
  24   1          ET1 = 1;      // 允许定时器1中断
  25   1          EA = 1;       // 允许总中断
  26   1      }
  27          void Timer1Sever() interrupt 3
  28          {
  29   1          if (++time_1s == 1000)
  30   1          {
  31   2              time_1s = 0;
  32   2              // 1秒定时器中断
  33   2              freq = TH0 << 8 | TL0; // 读取定时器0当前值
  34   2              TH0 = 0;
  35   2              TL0 = 0;
  36   2          }
  37   1      }
  38          void main()
  39          {
  40   1      }


MODULE INFORMATION:   STATIC OVERLAYABLE
   CODE SIZE        =    104    ----
   CONSTANT SIZE    =   ----    ----
   XDATA SIZE       =   ----    ----
   PDATA SIZE       =   ----    ----
   DATA SIZE        =      4    ----
   IDATA SIZE       =   ----    ----
   BIT SIZE         =   ----    ----
END OF MODULE INFORMATION.


C51 COMPILATION COMPLETE.  0 WARNING(S),  0 ERROR(S)
